[18Nov2025 00:01:26.635] [Server thread/INFO] [net.minecraft.server.MinecraftServer/]: [Not Secure] <Candy_Zagy> Peak!
[18Nov2025 00:01:41.096] [Server thread/INFO] [net.minecraft.server.MinecraftServer/]: [Not Secure] <Candy_Zagy> te va a gustar este pico
[18Nov2025 00:04:40.575] [Server thread/INFO] [net.minecraft.server.MinecraftServer/]: [Not Secure] <Candy_Zagy> Nice!
[18Nov2025 00:05:12.951] [Server thread/INFO] [net.minecraft.server.MinecraftServer/]: [Not Secure] <Candy_Zagy> ASKHDKDw
[18Nov2025 00:08:18.908] [Server thread/INFO] [net.minecraft.server.MinecraftServer/]: Melosito_Neo has completed the challenge [Hero of the Village]
[18Nov2025 00:08:18.909] [Server thread/INFO] [net.minecraft.server.MinecraftServer/]: Candy_Zagy has completed the challenge [Hero of the Village]
[18Nov2025 00:09:10.203] [Server thread/INFO] [net.minecraft.server.MinecraftServer/]: [Melosito_Neo: Applied effect Bad Omen to Melosito_Neo]
[18Nov2025 00:12:24.691] [Server thread/INFO] [net.minecraft.server.MinecraftServer/]: [Not Secure] <Candy_Zagy> ASKDJHWLJKD
[18Nov2025 00:12:28.386] [Server thread/WARN] [net.minecraft.server.level.ServerPlayerGameMode/]: Mismatch in destroy block pos: BlockPos{x=-196, y=56, z=500} BlockPos{x=-201, y=64, z=507}
[18Nov2025 00:13:15.034] [Server thread/INFO] [net.minecraft.server.MinecraftServer/]: [Not Secure] <Candy_Zagy> ASHJDw
[18Nov2025 00:13:16.703] [Server thread/INFO] [net.minecraft.server.MinecraftServer/]: [Not Secure] <Candy_Zagy> traidor
[18Nov2025 00:13:18.431] [Server thread/INFO] [net.minecraft.server.MinecraftServer/]: [Not Secure] <Candy_Zagy> -n-
[18Nov2025 00:13:33.190] [Server thread/INFO] [net.minecraft.server.MinecraftServer/]: [Melosito_Neo: Set own game mode to Spectator Mode]
[18Nov2025 00:14:07.235] [Server thread/INFO] [net.minecraft.server.MinecraftServer/]: [Melosito_Neo: Set own game mode to Survival Mode]
[18Nov2025 00:14:17.236] [Server thread/INFO] [net.minecraft.server.MinecraftServer/]: [Melosito_Neo: Applied effect Glowing to 360 targets]
[18Nov2025 00:14:27.035] [Server thread/INFO] [net.minecraft.server.MinecraftServer/]: [Melosito_Neo: Set own game mode to Spectator Mode]
[18Nov2025 00:14:32.077] [Server thread/INFO] [net.minecraft.server.MinecraftServer/]: [Melosito_Neo: Set own game mode to Survival Mode]
[18Nov2025 00:15:04.391] [Server thread/INFO] [net.minecraft.server.MinecraftServer/]: [Not Secure] <Candy_Zagy> Muack!
[18Nov2025 00:15:45.807] [Server thread/INFO] [net.minecraft.server.MinecraftServer/]: [Melosito_Neo: Applied effect Glowing to 422 targets]
[18Nov2025 00:16:23.499] [Server thread/INFO] [net.minecraft.server.MinecraftServer/]: [Not Secure] <Candy_Zagy> ASDASKDHJk
[18Nov2025 00:16:25.397] [Server thread/INFO] [net.minecraft.server.MinecraftServer/]: [Not Secure] <Candy_Zagy> sim cari
[18Nov2025 00:16:26.474] [Server thread/INFO] [net.minecraft.server.MinecraftServer/]: [Not Secure] <Candy_Zagy> ntp
[18Nov2025 00:16:41.979] [Server thread/INFO] [net.minecraft.server.MinecraftServer/]: [Not Secure] <Candy_Zagy> ravager?
[18Nov2025 00:16:49.924] [Server thread/INFO] [net.minecraft.server.MinecraftServer/]: [Melosito_Neo: Removed every effect from 371 targets]
[18Nov2025 00:18:36.679] [Server thread/INFO] [net.minecraft.server.MinecraftServer/]: [Not Secure] <Candy_Zagy> sim!
[18Nov2025 00:19:32.288] [Server thread/INFO] [net.minecraft.server.MinecraftServer/]: [Not Secure] <Candy_Zagy> yendo
[18Nov2025 00:19:38.584] [Server thread/INFO] [net.minecraft.server.MinecraftServer/]: [Melosito_Neo: Set own game mode to Creative Mode]
[18Nov2025 00:20:11.821] [Server thread/INFO] [net.minecraft.server.MinecraftServer/]: [Not Secure] <Candy_Zagy> OMGG
[18Nov2025 00:20:14.273] [Server thread/INFO] [net.minecraft.server.MinecraftServer/]: [Not Secure] <Candy_Zagy> se ve genial sim
[18Nov2025 00:20:23.238] [Server thread/INFO] [net.minecraft.server.MinecraftServer/]: [Not Secure] <Candy_Zagy> esta cosa va a papearse a todo en frente
[18Nov2025 00:20:26.828] [Server thread/INFO] [net.minecraft.server.MinecraftServer/]: [Not Secure] <Candy_Zagy> y los debris igual
[18Nov2025 00:20:30.000] [Server thread/INFO] [net.minecraft.server.MinecraftServer/]: [Not Secure] <Candy_Zagy> :sob:
[18Nov2025 00:20:36.887] [Server thread/INFO] [net.minecraft.server.MinecraftServer/]: [Not Secure] <Candy_Zagy> de arcane?
[18Nov2025 00:20:42.821] [Server thread/INFO] [net.minecraft.server.MinecraftServer/]: [Not Secure] <Candy_Zagy> o nether¡
[18Nov2025 00:20:59.668] [Server thread/INFO] [net.minecraft.server.MinecraftServer/]: [Not Secure] <Candy_Zagy> OH yo encontre mucho pero me dio weba minarlo
[18Nov2025 00:21:03.378] [Server thread/INFO] [net.minecraft.server.MinecraftServer/]: [Not Secure] <Candy_Zagy> porque tenia hierro
[18Nov2025 00:21:12.939] [Server thread/INFO] [net.minecraft.server.MinecraftServer/]: [Not Secure] <Candy_Zagy> dios te voy a comer a besos en persona
[18Nov2025 00:21:13.830] [Server thread/INFO] [net.minecraft.server.MinecraftServer/]: [Not Secure] <Candy_Zagy> JLHASKDJKASD
[18Nov2025 00:21:21.045] [Server thread/INFO] [net.minecraft.server.MinecraftServer/]: [Not Secure] <Candy_Zagy> Yo se que nome voy a aguantar
[18Nov2025 00:21:31.690] [Server thread/INFO] [net.minecraft.server.MinecraftServer/]: [Not Secure] <Candy_Zagy> afk un momentito en casita
[18Nov2025 00:22:51.180] [Server thread/INFO] [net.minecraft.server.MinecraftServer/]: [Melosito_Neo: Set own game mode to Survival Mode]
[18Nov2025 00:28:17.437] [Server thread/INFO] [net.minecraft.server.MinecraftServer/]: [Not Secure] <Candy_Zagy> ASHDASKDJ Holi Cari!
[18Nov2025 00:28:22.188] [Server thread/INFO] [net.minecraft.server.MinecraftServer/]: [Not Secure] <Candy_Zagy> te amo!
[18Nov2025 00:28:25.590] [Server thread/INFO] [net.minecraft.server.MinecraftServer/]: [Not Secure] <Candy_Zagy> Te adoro, te quiero
[18Nov2025 00:28:26.571] [Server thread/INFO] [net.minecraft.server.MinecraftServer/]: [Not Secure] <Candy_Zagy> Sim!
[18Nov2025 00:30:15.423] [Server thread/WARN] [net.minecraft.server.level.ServerPlayerGameMode/]: Mismatch in destroy block pos: BlockPos{x=-240, y=66, z=565} BlockPos{x=-229, y=67, z=551}
[18Nov2025 00:30:15.477] [Server thread/WARN] [net.minecraft.server.level.ServerPlayerGameMode/]: Mismatch in destroy block pos: BlockPos{x=-240, y=66, z=565} BlockPos{x=-229, y=67, z=551}
[18Nov2025 00:30:15.506] [Server thread/WARN] [net.minecraft.server.level.ServerPlayerGameMode/]: Mismatch in destroy block pos: BlockPos{x=-240, y=66, z=565} BlockPos{x=-229, y=67, z=551}
[18Nov2025 00:30:15.572] [Server thread/WARN] [net.minecraft.server.level.ServerPlayerGameMode/]: Mismatch in destroy block pos: BlockPos{x=-240, y=66, z=565} BlockPos{x=-229, y=67, z=551}
[18Nov2025 00:30:20.705] [Server thread/WARN] [net.minecraft.server.level.ServerPlayerGameMode/]: Mismatch in destroy block pos: BlockPos{x=-240, y=66, z=565} BlockPos{x=-229, y=67, z=552}
[18Nov2025 00:30:21.021] [Server thread/WARN] [net.minecraft.server.level.ServerPlayerGameMode/]: Mismatch in destroy block pos: BlockPos{x=-229, y=66, z=552} BlockPos{x=-229, y=66, z=553}
[18Nov2025 00:30:21.058] [Server thread/WARN] [net.minecraft.server.level.ServerPlayerGameMode/]: Mismatch in destroy block pos: BlockPos{x=-229, y=66, z=552} BlockPos{x=-229, y=66, z=553}
[18Nov2025 00:30:48.319] [Server thread/INFO] [net.minecraft.server.MinecraftServer/]: [Not Secure] <Candy_Zagy> ASHJKDJK MUACKMUACKMUACKMUACK!
[18Nov2025 00:30:57.021] [Server thread/INFO] [net.minecraft.server.MinecraftServer/]: [Not Secure] <Candy_Zagy> Te amo Neo!
[18Nov2025 00:31:00.230] [Server thread/INFO] [net.minecraft.server.MinecraftServer/]: [Not Secure] <Candy_Zagy> te amo muchisimo cariño!
[18Nov2025 00:32:01.468] [Server thread/INFO] [net.minecraft.server.MinecraftServer/]: [Not Secure] <Candy_Zagy> Todo bien sim!
[18Nov2025 00:32:06.457] [Server thread/INFO] [net.minecraft.server.MinecraftServer/]: [Not Secure] <Candy_Zagy> que tla todo contigo mi vida?
[18Nov2025 00:32:10.450] [Server thread/INFO] [net.minecraft.server.MinecraftServer/]: [Not Secure] <Candy_Zagy> Mi chico hermoso
[18Nov2025 00:32:11.933] [Server thread/INFO] [net.minecraft.server.MinecraftServer/]: [Not Secure] <Candy_Zagy> precioso
[18Nov2025 00:32:14.771] [Server thread/INFO] [net.minecraft.server.MinecraftServer/]: [Not Secure] <Candy_Zagy> todo lindo, todo guapo
[18Nov2025 00:32:17.387] [Server thread/INFO] [net.minecraft.server.MinecraftServer/]: [Not Secure] <Candy_Zagy> Mi marido
[18Nov2025 00:32:20.625] [Server thread/INFO] [net.minecraft.server.MinecraftServer/]: [Not Secure] <Candy_Zagy> mi todo!
[18Nov2025 00:32:30.046] [Server thread/INFO] [net.minecraft.server.MinecraftServer/]: [Not Secure] <Candy_Zagy> MI Designacion serial N!
[18Nov2025 00:32:41.387] [Server thread/INFO] [net.minecraft.server.MinecraftServer/]: [Not Secure] <Candy_Zagy> jhahsdkahsjd muy bien sim!
[18Nov2025 00:32:46.420] [Server thread/INFO] [net.minecraft.server.MinecraftServer/]: [Not Secure] <Candy_Zagy> Contenta de tener al mejor novio de todos
[18Nov2025 00:32:53.675] [Server thread/INFO] [net.minecraft.server.MinecraftServer/]: [Not Secure] <Candy_Zagy> Encima siempre me hace estar orgullosa de él!
[18Nov2025 00:33:18.242] [Server thread/INFO] [net.minecraft.server.MinecraftServer/]: [Not Secure] <Candy_Zagy> Traje comidita sim
[18Nov2025 00:33:23.737] [Server thread/INFO] [net.minecraft.server.MinecraftServer/]: [Not Secure] <Candy_Zagy> sim!
[18Nov2025 00:33:30.404] [Server thread/INFO] [net.minecraft.server.MinecraftServer/]: [Not Secure] <Candy_Zagy> voy a la taberna
[18Nov2025 00:34:42.868] [Server thread/INFO] [net.minecraft.server.MinecraftServer/]: [Not Secure] <Candy_Zagy> Vengo a comerme a mi postre a besitos
[18Nov2025 00:34:46.796] [Server thread/INFO] [net.minecraft.server.MinecraftServer/]: [Not Secure] <Candy_Zagy> aunque sea una mordidida
[18Nov2025 00:36:47.979] [Server thread/INFO] [net.minecraft.server.MinecraftServer/]: [Not Secure] <Candy_Zagy> piedralabrada
[18Nov2025 00:36:51.969] [Server thread/INFO] [net.minecraft.server.MinecraftServer/]: [Not Secure] <Candy_Zagy> cortapiedra
[18Nov2025 00:37:39.182] [Server thread/INFO] [net.minecraft.server.MinecraftServer/]: [Not Secure] <Candy_Zagy> SII ASKDHASJKD
[18Nov2025 00:37:43.348] [Server thread/INFO] [net.minecraft.server.MinecraftServer/]: [Not Secure] <Candy_Zagy> Todo bonito mi novio
[18Nov2025 00:37:45.385] [Server thread/INFO] [net.minecraft.server.MinecraftServer/]: [Not Secure] <Candy_Zagy> Como lo amo
[18Nov2025 00:37:49.989] [Server thread/INFO] [net.minecraft.server.MinecraftServer/]: [Not Secure] <Candy_Zagy> es mi marido, y si lo sabe
[18Nov2025 00:37:54.020] [Server thread/INFO] [net.minecraft.server.MinecraftServer/]: [Not Secure] <Candy_Zagy> pero aun no le doy el anillo
[18Nov2025 00:53:47.326] [Server thread/INFO] [net.minecraft.server.MinecraftServer/]: [Not Secure] <Candy_Zagy> Si, hace verdadero con la e activa mor
[18Nov2025 00:53:54.240] [Server thread/INFO] [net.minecraft.server.MinecraftServer/]: [Not Secure] <Candy_Zagy> estilo vayne, pero el cono es ligeramente más grande
[18Nov2025 00:53:57.238] [Server thread/INFO] [net.minecraft.server.MinecraftServer/]: [Not Secure] <Candy_Zagy> como una E de darius
[18Nov2025 00:54:00.808] [Server thread/INFO] [net.minecraft.server.MinecraftServer/]: [Not Secure] <Candy_Zagy> Digo, una W
[18Nov2025 00:54:09.241] [Server thread/INFO] [net.minecraft.server.MinecraftServer/]: [Not Secure] <Candy_Zagy> Entonces te registra cada tick de daño
[18Nov2025 00:54:10.051] [Server thread/INFO] [net.minecraft.server.MinecraftServer/]: [Not Secure] <Candy_Zagy> ASKJHJDASKD
[18Nov2025 00:54:18.471] [Server thread/INFO] [net.minecraft.server.MinecraftServer/]: [Not Secure] <Candy_Zagy> y con las runas correctas y brillo
[18Nov2025 00:54:21.584] [Server thread/INFO] [net.minecraft.server.MinecraftServer/]: [Not Secure] <Candy_Zagy> Corki supera a Vayne
[18Nov2025 01:03:00.323] [Server thread/INFO] [net.minecraft.server.MinecraftServer/]: [Not Secure] <Candy_Zagy> Muackmuackmuackmuack!
[18Nov2025 01:03:06.280] [Server thread/INFO] [net.minecraft.server.MinecraftServer/]: [Not Secure] <Candy_Zagy> voy a dejar mis trastes
[18Nov2025 01:03:19.091] [Server thread/INFO] [net.minecraft.server.MinecraftServer/]: [Not Secure] <Candy_Zagy> te amo Neo!
[18Nov2025 01:04:46.503] [Server thread/INFO] [net.minecraft.server.MinecraftServer/]: [Not Secure] <Candy_Zagy> Muack!
[18Nov2025 01:04:48.621] [Server thread/INFO] [net.minecraft.server.MinecraftServer/]: [Not Secure] <Candy_Zagy> ya estoy mor
[18Nov2025 01:06:36.443] [Server thread/INFO] [net.minecraft.server.MinecraftServer/]: [Not Secure] <Candy_Zagy> Tienes sueñito cari?
[18Nov2025 01:06:42.779] [Server thread/INFO] [net.minecraft.server.MinecraftServer/]: [Not Secure] <Candy_Zagy> que te gustaria hacer?
[18Nov2025 01:06:43.775] [Server thread/INFO] [net.minecraft.server.MinecraftServer/]: [Not Secure] <Candy_Zagy> KAHSKDJS
[18Nov2025 01:14:35.996] [Server thread/INFO] [net.minecraft.server.MinecraftServer/]: [Not Secure] <Candy_Zagy> SI
[18Nov2025 01:14:41.418] [Server thread/INFO] [net.minecraft.server.MinecraftServer/]: [Not Secure] <Candy_Zagy> No me aguantaria las ganas besarte
[18Nov2025 01:14:47.907] [Server thread/INFO] [net.minecraft.server.MinecraftServer/]: [Not Secure] <Candy_Zagy> que me ibas a decir mi vida?
[18Nov2025 01:14:50.938] [Server thread/INFO] [net.minecraft.server.MinecraftServer/]: [Not Secure] <Candy_Zagy> Mi lindo Solecito?
[18Nov2025 01:15:01.895] [Server thread/INFO] [net.minecraft.server.MinecraftServer/]: [Not Secure] <Candy_Zagy> mee ibas a decir algo sim
[18Nov2025 01:15:12.677] [Server thread/INFO] [net.minecraft.server.MinecraftServer/]: [Not Secure] <Candy_Zagy> te lo saco a besitos?
[18Nov2025 01:15:28.701] [Server thread/INFO] [net.minecraft.server.MinecraftServer/]: [Not Secure] <Candy_Zagy> ASKHDKAWd
[18Nov2025 01:16:18.640] [Server thread/INFO] [net.minecraft.server.MinecraftServer/]: [Not Secure] <Candy_Zagy> cambiamos de lugar?
[18Nov2025 01:19:22.271] [Server thread/INFO] [net.minecraft.server.MinecraftServer/]: [Not Secure] <Candy_Zagy> Sipi cari!
[18Nov2025 01:19:27.553] [Server thread/INFO] [antiqueatlas/]: Sending dimension #ResourceKey[minecraft:dimension / minecraft:the_nether]
[18Nov2025 01:19:27.554] [Server thread/INFO] [antiqueatlas/]: Sent dimension #ResourceKey[minecraft:dimension / minecraft:the_nether] (9 tiles)
[18Nov2025 01:19:27.554] [Server thread/INFO] [antiqueatlas/]: Sent Atlas #2 data to player Melosito_Neo
[18Nov2025 01:19:27.554] [Server thread/INFO] [antiqueatlas/]: Sent markers data #2 to player Melosito_Neo
[18Nov2025 01:20:27.641] [Server thread/INFO] [antiqueatlas/]: Saving local markers data to NBT
[18Nov2025 01:21:45.383] [Server thread/WARN] [net.minecraft.server.level.ServerPlayerGameMode/]: Mismatch in destroy block pos: BlockPos{x=-97, y=16, z=29} BlockPos{x=-97, y=15, z=28}
[18Nov2025 01:22:25.187] [Server thread/INFO] [net.minecraft.server.MinecraftServer/]: [Not Secure] <Candy_Zagy> poco
[18Nov2025 01:22:30.799] [Server thread/INFO] [net.minecraft.server.MinecraftServer/]: [Not Secure] <Candy_Zagy> porque los de vintage son aparte askdlasd
[18Nov2025 01:22:45.519] [Server thread/INFO] [net.minecraft.server.MinecraftServer/]: [Not Secure] <Candy_Zagy> real, me encanta
[18Nov2025 01:22:59.281] [Server thread/INFO] [net.minecraft.server.MinecraftServer/]: [Not Secure] <Candy_Zagy> Sii
[18Nov2025 01:23:04.830] [Server thread/INFO] [net.minecraft.server.MinecraftServer/]: [Not Secure] <Candy_Zagy> y lo artesanal del Vintage
[18Nov2025 01:23:07.803] [Server thread/INFO] [net.minecraft.server.MinecraftServer/]: [Not Secure] <Candy_Zagy> me encanta su herreria
[18Nov2025 01:24:48.325] [Server thread/INFO] [net.minecraft.server.MinecraftServer/]: [Not Secure] <Candy_Zagy> Nice
[18Nov2025 01:24:55.685] [Server thread/WARN] [net.minecraft.server.level.ServerPlayerGameMode/]: Mismatch in destroy block pos: BlockPos{x=-8, y=31, z=270} BlockPos{x=-8, y=31, z=269}
[18Nov2025 01:24:55.737] [Server thread/WARN] [net.minecraft.server.level.ServerPlayerGameMode/]: Mismatch in destroy block pos: BlockPos{x=-8, y=31, z=270} BlockPos{x=-8, y=31, z=269}
[18Nov2025 01:24:55.784] [Server thread/WARN] [net.minecraft.server.level.ServerPlayerGameMode/]: Mismatch in destroy block pos: BlockPos{x=-8, y=31, z=270} BlockPos{x=-8, y=31, z=269}
[18Nov2025 01:25:04.743] [Server thread/INFO] [net.minecraft.server.MinecraftServer/]: [Not Secure] <Candy_Zagy> Naoo
[18Nov2025 01:25:11.453] [Server thread/INFO] [net.minecraft.server.MinecraftServer/]: [Not Secure] <Candy_Zagy> Lo digo porque te entiendo sakjdhas
[18Nov2025 01:25:15.376] [Server thread/INFO] [net.minecraft.server.MinecraftServer/]: [Not Secure] <Candy_Zagy> a veces relaja
[18Nov2025 01:25:25.631] [Server thread/INFO] [net.minecraft.server.MinecraftServer/]: [Not Secure] <Candy_Zagy> aparte te hubiera abrazado y besado todo ese rato
[18Nov2025 01:25:32.783] [Server thread/INFO] [net.minecraft.server.MinecraftServer/]: [Not Secure] <Candy_Zagy> ASHDAKDW
[18Nov2025 01:26:22.532] [Server thread/WARN] [net.minecraft.server.level.ServerPlayerGameMode/]: Mismatch in destroy block pos: BlockPos{x=-3, y=28, z=339} BlockPos{x=-4, y=26, z=340}
[18Nov2025 01:26:26.682] [Server thread/WARN] [net.minecraft.server.level.ServerPlayerGameMode/]: Mismatch in destroy block pos: BlockPos{x=0, y=26, z=338} BlockPos{x=-1, y=25, z=338}
[18Nov2025 01:27:00.782] [Server thread/WARN] [net.minecraft.server.level.ServerPlayerGameMode/]: Mismatch in destroy block pos: BlockPos{x=14, y=18, z=353} BlockPos{x=13, y=18, z=353}
[18Nov2025 01:27:00.833] [Server thread/WARN] [net.minecraft.server.level.ServerPlayerGameMode/]: Mismatch in destroy block pos: BlockPos{x=14, y=18, z=353} BlockPos{x=13, y=18, z=353}
[18Nov2025 01:27:00.877] [Server thread/WARN] [net.minecraft.server.level.ServerPlayerGameMode/]: Mismatch in destroy block pos: BlockPos{x=14, y=18, z=353} BlockPos{x=13, y=18, z=353}
[18Nov2025 01:27:00.931] [Server thread/WARN] [net.minecraft.server.level.ServerPlayerGameMode/]: Mismatch in destroy block pos: BlockPos{x=14, y=18, z=353} BlockPos{x=13, y=18, z=353}
[18Nov2025 01:27:00.978] [Server thread/WARN] [net.minecraft.server.level.ServerPlayerGameMode/]: Mismatch in destroy block pos: BlockPos{x=14, y=18, z=353} BlockPos{x=13, y=18, z=353}
[18Nov2025 01:27:01.032] [Server thread/WARN] [net.minecraft.server.level.ServerPlayerGameMode/]: Mismatch in destroy block pos: BlockPos{x=14, y=18, z=353} BlockPos{x=13, y=18, z=353}
[18Nov2025 01:27:01.085] [Server thread/WARN] [net.minecraft.server.level.ServerPlayerGameMode/]: Mismatch in destroy block pos: BlockPos{x=14, y=18, z=353} BlockPos{x=13, y=18, z=353}
[18Nov2025 01:27:01.135] [Server thread/WARN] [net.minecraft.server.level.ServerPlayerGameMode/]: Mismatch in destroy block pos: BlockPos{x=14, y=18, z=353} BlockPos{x=13, y=18, z=353}
[18Nov2025 01:27:01.434] [Server thread/WARN] [net.minecraft.server.level.ServerPlayerGameMode/]: Mismatch in destroy block pos: BlockPos{x=14, y=18, z=353} BlockPos{x=13, y=18, z=353}
[18Nov2025 01:27:01.443] [Server thread/WARN] [net.minecraft.server.level.ServerPlayerGameMode/]: Mismatch in destroy block pos: BlockPos{x=14, y=18, z=353} BlockPos{x=13, y=18, z=353}
[18Nov2025 01:27:01.474] [Server thread/WARN] [net.minecraft.server.level.ServerPlayerGameMode/]: Mismatch in destroy block pos: BlockPos{x=14, y=18, z=353} BlockPos{x=13, y=18, z=353}
[18Nov2025 01:27:02.032] [Server thread/WARN] [net.minecraft.server.level.ServerPlayerGameMode/]: Mismatch in destroy block pos: BlockPos{x=16, y=18, z=353} BlockPos{x=15, y=19, z=353}
[18Nov2025 01:27:02.076] [Server thread/WARN] [net.minecraft.server.level.ServerPlayerGameMode/]: Mismatch in destroy block pos: BlockPos{x=16, y=18, z=353} BlockPos{x=15, y=19, z=353}
[18Nov2025 01:27:02.128] [Server thread/WARN] [net.minecraft.server.level.ServerPlayerGameMode/]: Mismatch in destroy block pos: BlockPos{x=16, y=18, z=353} BlockPos{x=15, y=19, z=353}
[18Nov2025 01:27:02.175] [Server thread/WARN] [net.minecraft.server.level.ServerPlayerGameMode/]: Mismatch in destroy block pos: BlockPos{x=16, y=18, z=353} BlockPos{x=15, y=19, z=353}
[18Nov2025 01:27:02.240] [Server thread/WARN] [net.minecraft.server.level.ServerPlayerGameMode/]: Mismatch in destroy block pos: BlockPos{x=16, y=18, z=353} BlockPos{x=15, y=19, z=353}
[18Nov2025 01:27:03.530] [Server thread/WARN] [net.minecraft.server.level.ServerPlayerGameMode/]: Mismatch in destroy block pos: BlockPos{x=16, y=16, z=353} BlockPos{x=16, y=16, z=354}
[18Nov2025 01:27:03.582] [Server thread/WARN] [net.minecraft.server.level.ServerPlayerGameMode/]: Mismatch in destroy block pos: BlockPos{x=16, y=16, z=353} BlockPos{x=17, y=16, z=353}
[18Nov2025 01:27:55.177] [Server thread/WARN] [net.minecraft.server.level.ServerPlayerGameMode/]: Mismatch in destroy block pos: BlockPos{x=7, y=22, z=346} BlockPos{x=2, y=19, z=354}
[18Nov2025 01:27:55.227] [Server thread/WARN] [net.minecraft.server.level.ServerPlayerGameMode/]: Mismatch in destroy block pos: BlockPos{x=7, y=22, z=346} BlockPos{x=2, y=19, z=354}
[18Nov2025 01:27:55.281] [Server thread/WARN] [net.minecraft.server.level.ServerPlayerGameMode/]: Mismatch in destroy block pos: BlockPos{x=7, y=22, z=346} BlockPos{x=2, y=19, z=354}
[18Nov2025 01:28:35.155] [Server thread/INFO] [net.minecraft.server.MinecraftServer/]: [Not Secure] <Candy_Zagy> NAO
[18Nov2025 01:28:37.039] [Server thread/INFO] [net.minecraft.server.MinecraftServer/]: [Not Secure] <Candy_Zagy> MENTIRA
[18Nov2025 01:28:48.379] [Server thread/INFO] [net.minecraft.server.MinecraftServer/]: [Not Secure] <Candy_Zagy> prohibido hablar mal de mi marido
[18Nov2025 01:29:27.057] [Server thread/INFO] [net.minecraft.server.MinecraftServer/]: [Not Secure] <Candy_Zagy> Osea bien bonito
[18Nov2025 01:29:30.782] [Server thread/INFO] [net.minecraft.server.MinecraftServer/]: [Not Secure] <Candy_Zagy> asi de bonnito que tú
[18Nov2025 01:34:04.025] [Server thread/WARN] [net.minecraft.server.level.ServerPlayerGameMode/]: Mismatch in destroy block pos: BlockPos{x=-89, y=13, z=184} BlockPos{x=-84, y=17, z=192}
[18Nov2025 01:34:04.077] [Server thread/WARN] [net.minecraft.server.level.ServerPlayerGameMode/]: Mismatch in destroy block pos: BlockPos{x=-89, y=13, z=184} BlockPos{x=-84, y=17, z=192}
[18Nov2025 01:34:26.127] [Server thread/INFO] [net.minecraft.server.MinecraftServer/]: [Not Secure] <Candy_Zagy> OHHHH
[18Nov2025 01:34:28.739] [Server thread/INFO] [net.minecraft.server.MinecraftServer/]: [Not Secure] <Candy_Zagy> DIOS QUE SUERTE
[18Nov2025 01:34:30.276] [Server thread/INFO] [net.minecraft.server.MinecraftServer/]: [Not Secure] <Candy_Zagy> MIRA CARI
[18Nov2025 01:35:13.369] [Server thread/WARN] [net.minecraft.server.level.ServerPlayerGameMode/]: Mismatch in destroy block pos: BlockPos{x=-57, y=16, z=194} BlockPos{x=-57, y=15, z=195}
[18Nov2025 01:36:56.826] [Server thread/INFO] [net.minecraft.server.MinecraftServer/]: [Not Secure] <Candy_Zagy> ASKHJDksd
[18Nov2025 01:37:03.526] [Server thread/WARN] [net.minecraft.server.level.ServerPlayerGameMode/]: Mismatch in destroy block pos: BlockPos{x=-53, y=13, z=283} BlockPos{x=-53, y=13, z=282}
[18Nov2025 01:37:03.574] [Server thread/WARN] [net.minecraft.server.level.ServerPlayerGameMode/]: Mismatch in destroy block pos: BlockPos{x=-53, y=13, z=283} BlockPos{x=-53, y=13, z=282}
[18Nov2025 01:37:03.628] [Server thread/WARN] [net.minecraft.server.level.ServerPlayerGameMode/]: Mismatch in destroy block pos: BlockPos{x=-53, y=13, z=283} BlockPos{x=-53, y=13, z=282}
[18Nov2025 01:37:03.677] [Server thread/WARN] [net.minecraft.server.level.ServerPlayerGameMode/]: Mismatch in destroy block pos: BlockPos{x=-53, y=13, z=283} BlockPos{x=-53, y=13, z=282}
[18Nov2025 01:37:03.725] [Server thread/WARN] [net.minecraft.server.level.ServerPlayerGameMode/]: Mismatch in destroy block pos: BlockPos{x=-53, y=13, z=283} BlockPos{x=-53, y=13, z=282}
[18Nov2025 01:37:03.776] [Server thread/WARN] [net.minecraft.server.level.ServerPlayerGameMode/]: Mismatch in destroy block pos: BlockPos{x=-53, y=13, z=283} BlockPos{x=-53, y=13, z=282}
[18Nov2025 01:37:03.829] [Server thread/WARN] [net.minecraft.server.level.ServerPlayerGameMode/]: Mismatch in destroy block pos: BlockPos{x=-53, y=13, z=283} BlockPos{x=-53, y=13, z=282}
[18Nov2025 01:37:03.880] [Server thread/WARN] [net.minecraft.server.level.ServerPlayerGameMode/]: Mismatch in destroy block pos: BlockPos{x=-53, y=13, z=283} BlockPos{x=-53, y=13, z=282}
[18Nov2025 01:37:03.926] [Server thread/WARN] [net.minecraft.server.level.ServerPlayerGameMode/]: Mismatch in destroy block pos: BlockPos{x=-53, y=13, z=283} BlockPos{x=-53, y=13, z=282}
[18Nov2025 01:37:06.786] [Server thread/INFO] [net.minecraft.server.MinecraftServer/]: [Not Secure] <Candy_Zagy> fascinante
[18Nov2025 01:37:11.075] [Server thread/WARN] [net.minecraft.server.level.ServerPlayerGameMode/]: Mismatch in destroy block pos: BlockPos{x=-58, y=14, z=293} BlockPos{x=-57, y=15, z=292}
[18Nov2025 01:37:14.930] [Server thread/WARN] [net.minecraft.server.level.ServerEntity/]: Fetching packet for removed entity ItemEntity['Air'/149526, l='ServerLevel[world]', x=-237.50, y=63.81, z=555.50, removed=DISCARDED]
[18Nov2025 01:37:57.906] [Server thread/INFO] [net.minecraft.server.MinecraftServer/]: [Not Secure] <Candy_Zagy> ZAGY?
[18Nov2025 01:38:01.195] [Server thread/INFO] [net.minecraft.server.MinecraftServer/]: [Not Secure] <Candy_Zagy> te comiste todos los debris?
[18Nov2025 01:38:16.778] [Server thread/WARN] [net.minecraft.server.level.ServerPlayerGameMode/]: Mismatch in destroy block pos: BlockPos{x=-57, y=14, z=344} BlockPos{x=-58, y=15, z=344}
[18Nov2025 01:38:19.952] [Server thread/INFO] [net.minecraft.server.MinecraftServer/]: [Not Secure] <Candy_Zagy> sim
[18Nov2025 01:39:56.175] [Server thread/INFO] [net.minecraft.world.entity.LivingEntity/]: Named entity Blaze['Madam Enditen the Special'/152472, l='ServerLevel[world]', x=-48.30, y=15.37, z=388.70] died: Madam Enditen the Special was slain by Melosito_Neo
[18Nov2025 01:41:05.896] [Server thread/WARN] [net.minecraft.server.level.ServerPlayerGameMode/]: Mismatch in destroy block pos: BlockPos{x=-63, y=15, z=402} BlockPos{x=-63, y=14, z=401}
[18Nov2025 01:41:09.123] [Server thread/WARN] [net.minecraft.server.level.ServerPlayerGameMode/]: Mismatch in destroy block pos: BlockPos{x=-66, y=15, z=402} BlockPos{x=-65, y=14, z=401}
[18Nov2025 01:41:09.148] [Server thread/WARN] [net.minecraft.server.level.ServerPlayerGameMode/]: Mismatch in destroy block pos: BlockPos{x=-66, y=15, z=402} BlockPos{x=-65, y=14, z=401}
[18Nov2025 01:41:09.226] [Server thread/WARN] [net.minecraft.server.level.ServerPlayerGameMode/]: Mismatch in destroy block pos: BlockPos{x=-66, y=15, z=402} BlockPos{x=-65, y=14, z=401}
[18Nov2025 01:41:51.728] [Server thread/INFO] [net.minecraft.server.MinecraftServer/]: [Not Secure] <Candy_Zagy> ASDHASI
[18Nov2025 01:42:17.792] [Server thread/WARN] [net.minecraft.server.level.ServerPlayerGameMode/]: Mismatch in destroy block pos: BlockPos{x=-60, y=17, z=431} BlockPos{x=-59, y=16, z=431}
[18Nov2025 01:42:17.837] [Server thread/WARN] [net.minecraft.server.level.ServerPlayerGameMode/]: Mismatch in destroy block pos: BlockPos{x=-60, y=17, z=431} BlockPos{x=-59, y=16, z=431}
[18Nov2025 01:42:17.898] [Server thread/WARN] [net.minecraft.server.level.ServerPlayerGameMode/]: Mismatch in destroy block pos: BlockPos{x=-60, y=17, z=431} BlockPos{x=-59, y=16, z=431}
[18Nov2025 01:42:17.947] [Server thread/WARN] [net.minecraft.server.level.ServerPlayerGameMode/]: Mismatch in destroy block pos: BlockPos{x=-60, y=17, z=431} BlockPos{x=-59, y=16, z=431}
[18Nov2025 01:42:18.004] [Server thread/WARN] [net.minecraft.server.level.ServerPlayerGameMode/]: Mismatch in destroy block pos: BlockPos{x=-60, y=17, z=431} BlockPos{x=-59, y=16, z=431}
[18Nov2025 01:42:18.046] [Server thread/WARN] [net.minecraft.server.level.ServerPlayerGameMode/]: Mismatch in destroy block pos: BlockPos{x=-60, y=17, z=431} BlockPos{x=-59, y=16, z=431}
[18Nov2025 01:42:18.103] [Server thread/WARN] [net.minecraft.server.level.ServerPlayerGameMode/]: Mismatch in destroy block pos: BlockPos{x=-60, y=17, z=431} BlockPos{x=-59, y=16, z=431}
[18Nov2025 01:42:28.854] [Server thread/INFO] [net.minecraft.server.MinecraftServer/]: [Not Secure] <Candy_Zagy> ASDHKASDw
[18Nov2025 01:43:11.430] [Server thread/INFO] [net.minecraft.server.MinecraftServer/]: [Not Secure] <Candy_Zagy> ASKHJGDKASJd
[18Nov2025 01:43:26.982] [Server thread/INFO] [net.minecraft.server.MinecraftServer/]: [Not Secure] <Candy_Zagy> sim
[18Nov2025 01:43:41.724] [Server thread/INFO] [net.minecraft.server.MinecraftServer/]: [Not Secure] <Candy_Zagy> cuanto debris llevas mi vida?
[18Nov2025 01:43:43.391] [Server thread/INFO] [net.minecraft.server.MinecraftServer/]: [Not Secure] <Candy_Zagy> AKSJHDKAS
[18Nov2025 01:44:00.738] [Server thread/WARN] [net.minecraft.server.level.ServerPlayerGameMode/]: Mismatch in destroy block pos: BlockPos{x=-48, y=17, z=460} BlockPos{x=-50, y=12, z=462}
[18Nov2025 01:44:00.801] [Server thread/WARN] [net.minecraft.server.level.ServerPlayerGameMode/]: Mismatch in destroy block pos: BlockPos{x=-48, y=17, z=460} BlockPos{x=-50, y=12, z=462}
[18Nov2025 01:44:00.840] [Server thread/WARN] [net.minecraft.server.level.ServerPlayerGameMode/]: Mismatch in destroy block pos: BlockPos{x=-48, y=17, z=460} BlockPos{x=-50, y=12, z=462}
[18Nov2025 01:44:00.887] [Server thread/WARN] [net.minecraft.server.level.ServerPlayerGameMode/]: Mismatch in destroy block pos: BlockPos{x=-48, y=17, z=460} BlockPos{x=-50, y=12, z=462}
[18Nov2025 01:44:00.930] [Server thread/WARN] [net.minecraft.server.level.ServerPlayerGameMode/]: Mismatch in destroy block pos: BlockPos{x=-48, y=17, z=460} BlockPos{x=-50, y=12, z=462}
[18Nov2025 01:44:00.985] [Server thread/WARN] [net.minecraft.server.level.ServerPlayerGameMode/]: Mismatch in destroy block pos: BlockPos{x=-48, y=17, z=460} BlockPos{x=-50, y=12, z=462}
[18Nov2025 01:44:01.033] [Server thread/WARN] [net.minecraft.server.level.ServerPlayerGameMode/]: Mismatch in destroy block pos: BlockPos{x=-48, y=17, z=460} BlockPos{x=-50, y=12, z=462}
[18Nov2025 01:44:01.080] [Server thread/WARN] [net.minecraft.server.level.ServerPlayerGameMode/]: Mismatch in destroy block pos: BlockPos{x=115, y=13, z=312} BlockPos{x=116, y=14, z=312}
[18Nov2025 01:44:01.098] [Server thread/WARN] [net.minecraft.server.level.ServerPlayerGameMode/]: Mismatch in destroy block pos: BlockPos{x=-48, y=17, z=460} BlockPos{x=-50, y=12, z=462}
[18Nov2025 01:44:01.150] [Server thread/WARN] [net.minecraft.server.level.ServerPlayerGameMode/]: Mismatch in destroy block pos: BlockPos{x=-48, y=17, z=460} BlockPos{x=-50, y=12, z=462}
[18Nov2025 01:44:01.201] [Server thread/WARN] [net.minecraft.server.level.ServerPlayerGameMode/]: Mismatch in destroy block pos: BlockPos{x=-48, y=17, z=460} BlockPos{x=-50, y=12, z=462}
[18Nov2025 01:44:01.240] [Server thread/WARN] [net.minecraft.server.level.ServerPlayerGameMode/]: Mismatch in destroy block pos: BlockPos{x=-48, y=17, z=460} BlockPos{x=-50, y=12, z=462}
[18Nov2025 01:44:01.284] [Server thread/WARN] [net.minecraft.server.level.ServerPlayerGameMode/]: Mismatch in destroy block pos: BlockPos{x=-48, y=17, z=460} BlockPos{x=-50, y=12, z=462}
[18Nov2025 01:44:01.337] [Server thread/WARN] [net.minecraft.server.level.ServerPlayerGameMode/]: Mismatch in destroy block pos: BlockPos{x=-48, y=17, z=460} BlockPos{x=-50, y=12, z=462}
[18Nov2025 01:44:01.399] [Server thread/WARN] [net.minecraft.server.level.ServerPlayerGameMode/]: Mismatch in destroy block pos: BlockPos{x=-48, y=17, z=460} BlockPos{x=-50, y=12, z=462}
[18Nov2025 01:44:01.440] [Server thread/WARN] [net.minecraft.server.level.ServerPlayerGameMode/]: Mismatch in destroy block pos: BlockPos{x=-48, y=17, z=460} BlockPos{x=-50, y=12, z=462}
[18Nov2025 01:44:01.487] [Server thread/WARN] [net.minecraft.server.level.ServerPlayerGameMode/]: Mismatch in destroy block pos: BlockPos{x=-48, y=17, z=460} BlockPos{x=-50, y=12, z=462}
[18Nov2025 01:44:01.534] [Server thread/WARN] [net.minecraft.server.level.ServerPlayerGameMode/]: Mismatch in destroy block pos: BlockPos{x=-48, y=17, z=460} BlockPos{x=-50, y=12, z=462}
[18Nov2025 01:44:01.602] [Server thread/WARN] [net.minecraft.server.level.ServerPlayerGameMode/]: Mismatch in destroy block pos: BlockPos{x=-48, y=17, z=460} BlockPos{x=-50, y=12, z=462}
[18Nov2025 01:44:01.650] [Server thread/WARN] [net.minecraft.server.level.ServerPlayerGameMode/]: Mismatch in destroy block pos: BlockPos{x=-48, y=17, z=460} BlockPos{x=-50, y=12, z=462}
[18Nov2025 01:44:01.696] [Server thread/WARN] [net.minecraft.server.level.ServerPlayerGameMode/]: Mismatch in destroy block pos: BlockPos{x=-48, y=17, z=460} BlockPos{x=-50, y=12, z=462}
[18Nov2025 01:44:01.748] [Server thread/WARN] [net.minecraft.server.level.ServerPlayerGameMode/]: Mismatch in destroy block pos: BlockPos{x=-48, y=17, z=460} BlockPos{x=-50, y=12, z=462}
[18Nov2025 01:44:01.797] [Server thread/WARN] [net.minecraft.server.level.ServerPlayerGameMode/]: Mismatch in destroy block pos: BlockPos{x=-48, y=17, z=460} BlockPos{x=-50, y=12, z=462}
[18Nov2025 01:44:01.841] [Server thread/WARN] [net.minecraft.server.level.ServerPlayerGameMode/]: Mismatch in destroy block pos: BlockPos{x=-48, y=17, z=460} BlockPos{x=-50, y=12, z=462}
[18Nov2025 01:44:01.888] [Server thread/WARN] [net.minecraft.server.level.ServerPlayerGameMode/]: Mismatch in destroy block pos: BlockPos{x=-48, y=17, z=460} BlockPos{x=-50, y=12, z=462}
[18Nov2025 01:44:01.947] [Server thread/WARN] [net.minecraft.server.level.ServerPlayerGameMode/]: Mismatch in destroy block pos: BlockPos{x=-48, y=17, z=460} BlockPos{x=-50, y=12, z=462}
[18Nov2025 01:44:15.029] [Server thread/INFO] [net.minecraft.server.MinecraftServer/]: [Not Secure] <Candy_Zagy> HAHAHA
[18Nov2025 01:44:15.978] [Server thread/INFO] [net.minecraft.server.MinecraftServer/]: [Not Secure] <Candy_Zagy> AMOR
[18Nov2025 01:44:17.932] [Server thread/INFO] [net.minecraft.server.MinecraftServer/]: [Not Secure] <Candy_Zagy> DIJISTE TRES
[18Nov2025 01:44:21.482] [Server thread/INFO] [net.minecraft.server.MinecraftServer/]: [Not Secure] <Candy_Zagy> Y ZAS
[18Nov2025 01:44:24.486] [Server thread/INFO] [net.minecraft.server.MinecraftServer/]: [Not Secure] <Candy_Zagy> que me encuentro tres
[18Nov2025 01:45:11.079] [Server thread/INFO] [net.minecraft.server.MinecraftServer/]: [Not Secure] <Candy_Zagy> ASJHGDJASKD
[18Nov2025 01:45:13.377] [Server thread/INFO] [net.minecraft.server.MinecraftServer/]: [Not Secure] <Candy_Zagy> NO FUCKING WAY
[18Nov2025 01:45:14.638] [Server thread/INFO] [net.minecraft.server.MinecraftServer/]: [Not Secure] <Candy_Zagy> 3 MAS
[18Nov2025 01:45:15.629] [Server thread/INFO] [net.minecraft.server.MinecraftServer/]: [Not Secure] <Candy_Zagy> OH
[18Nov2025 01:45:28.283] [Server thread/WARN] [net.minecraft.server.level.ServerPlayerGameMode/]: Mismatch in destroy block pos: BlockPos{x=-39, y=16, z=469} BlockPos{x=-19, y=13, z=471}
[18Nov2025 01:45:28.326] [Server thread/WARN] [net.minecraft.server.level.ServerPlayerGameMode/]: Mismatch in destroy block pos: BlockPos{x=-39, y=16, z=469} BlockPos{x=-19, y=13, z=471}
[18Nov2025 01:45:54.156] [Server thread/INFO] [net.minecraft.server.MinecraftServer/]: [Not Secure] <Candy_Zagy> SAJHKDKAJSDw
[18Nov2025 01:46:18.282] [Server thread/INFO] [net.minecraft.server.MinecraftServer/]: [Not Secure] <Candy_Zagy> cuanta nethe ocupas mor?
[18Nov2025 01:46:46.336] [Server thread/WARN] [net.minecraft.server.level.ServerEntity/]: Fetching packet for removed entity ItemEntity['Air'/149526, l='ServerLevel[world]', x=-237.50, y=63.81, z=555.50, removed=DISCARDED]
[18Nov2025 01:47:26.707] [Server thread/WARN] [net.minecraft.server.level.ServerEntity/]: Fetching packet for removed entity ItemEntity['Air'/149526, l='ServerLevel[world]', x=-237.50, y=63.81, z=555.50, removed=DISCARDED]
[18Nov2025 01:50:01.335] [Server thread/INFO] [net.minecraft.server.MinecraftServer/]: [Not Secure] <Candy_Zagy> te amo Neo!
[18Nov2025 01:50:04.921] [Server thread/INFO] [net.minecraft.server.MinecraftServer/]: [Not Secure] <Candy_Zagy> Te amo muchisimo mi vida
[18Nov2025 01:50:06.638] [Server thread/INFO] [net.minecraft.server.MinecraftServer/]: [Not Secure] <Candy_Zagy> toma cari
[18Nov2025 01:50:09.482] [Server thread/INFO] [net.minecraft.server.MinecraftServer/]: [Not Secure] <Candy_Zagy> un regalito de mi parte
[18Nov2025 01:51:04.442] [Server thread/WARN] [net.minecraft.server.level.ServerEntity/]: Fetching packet for removed entity ItemEntity['Air'/149526, l='ServerLevel[world]', x=-237.50, y=63.81, z=555.50, removed=DISCARDED]
[18Nov2025 01:51:21.338] [Server thread/WARN] [net.minecraft.server.level.ServerPlayerGameMode/]: Mismatch in destroy block pos: BlockPos{x=188, y=13, z=323} BlockPos{x=188, y=14, z=321}
[18Nov2025 01:51:56.029] [Server thread/WARN] [net.minecraft.server.level.ServerEntity/]: Fetching packet for removed entity ItemEntity['Air'/149526, l='ServerLevel[world]', x=-237.50, y=63.81, z=555.50, removed=DISCARDED]
[18Nov2025 01:51:58.179] [Server thread/WARN] [net.minecraft.server.level.ServerPlayerGameMode/]: Mismatch in destroy block pos: BlockPos{x=191, y=16, z=345} BlockPos{x=191, y=15, z=345}
[18Nov2025 01:51:58.234] [Server thread/WARN] [net.minecraft.server.level.ServerPlayerGameMode/]: Mismatch in destroy block pos: BlockPos{x=191, y=16, z=345} BlockPos{x=191, y=15, z=345}
[18Nov2025 01:51:58.285] [Server thread/WARN] [net.minecraft.server.level.ServerPlayerGameMode/]: Mismatch in destroy block pos: BlockPos{x=191, y=16, z=345} BlockPos{x=191, y=15, z=345}
[18Nov2025 01:51:58.332] [Server thread/WARN] [net.minecraft.server.level.ServerPlayerGameMode/]: Mismatch in destroy block pos: BlockPos{x=191, y=16, z=345} BlockPos{x=191, y=15, z=345}
[18Nov2025 01:51:58.381] [Server thread/WARN] [net.minecraft.server.level.ServerPlayerGameMode/]: Mismatch in destroy block pos: BlockPos{x=191, y=16, z=345} BlockPos{x=191, y=15, z=345}
[18Nov2025 01:51:58.434] [Server thread/WARN] [net.minecraft.server.level.ServerPlayerGameMode/]: Mismatch in destroy block pos: BlockPos{x=191, y=16, z=345} BlockPos{x=191, y=15, z=345}
[18Nov2025 01:51:58.490] [Server thread/WARN] [net.minecraft.server.level.ServerPlayerGameMode/]: Mismatch in destroy block pos: BlockPos{x=191, y=16, z=345} BlockPos{x=191, y=15, z=345}
[18Nov2025 01:52:18.994] [Server thread/WARN] [net.minecraft.server.level.ServerPlayerGameMode/]: Mismatch in destroy block pos: BlockPos{x=196, y=16, z=350} BlockPos{x=198, y=15, z=353}
[18Nov2025 01:52:19.030] [Server thread/WARN] [net.minecraft.server.level.ServerPlayerGameMode/]: Mismatch in destroy block pos: BlockPos{x=196, y=16, z=350} BlockPos{x=198, y=15, z=353}
[18Nov2025 01:52:19.083] [Server thread/WARN] [net.minecraft.server.level.ServerPlayerGameMode/]: Mismatch in destroy block pos: BlockPos{x=196, y=16, z=350} BlockPos{x=198, y=15, z=353}
[18Nov2025 01:52:19.132] [Server thread/WARN] [net.minecraft.server.level.ServerPlayerGameMode/]: Mismatch in destroy block pos: BlockPos{x=196, y=16, z=350} BlockPos{x=198, y=15, z=353}
[18Nov2025 01:52:19.184] [Server thread/WARN] [net.minecraft.server.level.ServerPlayerGameMode/]: Mismatch in destroy block pos: BlockPos{x=196, y=16, z=350} BlockPos{x=198, y=15, z=353}
[18Nov2025 01:52:19.237] [Server thread/WARN] [net.minecraft.server.level.ServerPlayerGameMode/]: Mismatch in destroy block pos: BlockPos{x=196, y=16, z=350} BlockPos{x=198, y=15, z=353}
[18Nov2025 01:52:19.278] [Server thread/WARN] [net.minecraft.server.level.ServerPlayerGameMode/]: Mismatch in destroy block pos: BlockPos{x=196, y=16, z=350} BlockPos{x=198, y=15, z=353}
[18Nov2025 01:52:19.352] [Server thread/WARN] [net.minecraft.server.level.ServerPlayerGameMode/]: Mismatch in destroy block pos: BlockPos{x=196, y=16, z=350} BlockPos{x=198, y=15, z=353}
[18Nov2025 01:52:19.388] [Server thread/WARN] [net.minecraft.server.level.ServerPlayerGameMode/]: Mismatch in destroy block pos: BlockPos{x=196, y=16, z=350} BlockPos{x=198, y=15, z=353}
[18Nov2025 01:52:19.436] [Server thread/WARN] [net.minecraft.server.level.ServerPlayerGameMode/]: Mismatch in destroy block pos: BlockPos{x=196, y=16, z=350} BlockPos{x=198, y=15, z=353}
[18Nov2025 01:52:19.485] [Server thread/WARN] [net.minecraft.server.level.ServerPlayerGameMode/]: Mismatch in destroy block pos: BlockPos{x=196, y=16, z=350} BlockPos{x=198, y=15, z=353}
[18Nov2025 01:52:21.039] [Server thread/INFO] [net.minecraft.server.MinecraftServer/]: [Not Secure] <Candy_Zagy> Nice!
[18Nov2025 01:52:40.130] [Server thread/INFO] [net.minecraft.server.MinecraftServer/]: [Not Secure] <Candy_Zagy> Cuantos'
[18Nov2025 01:52:41.490] [Server thread/INFO] [net.minecraft.server.MinecraftServer/]: [Not Secure] <Candy_Zagy> tengo
[18Nov2025 01:52:50.744] [Server thread/INFO] [net.minecraft.server.MinecraftServer/]: [Not Secure] <Candy_Zagy> yendo
[18Nov2025 01:52:56.650] [Server thread/WARN] [net.minecraft.server.level.ServerEntity/]: Fetching packet for removed entity ItemEntity['Air'/149526, l='ServerLevel[world]', x=-237.50, y=63.81, z=555.50, removed=DISCARDED]
[18Nov2025 01:53:06.301] [Server thread/INFO] [net.minecraft.server.MinecraftServer/]: [Not Secure] <Candy_Zagy> solo lo mejor para el amor de mi vida
[18Nov2025 01:53:09.096] [Server thread/INFO] [net.minecraft.server.MinecraftServer/]: [Not Secure] <Candy_Zagy> toma mi lindo solecito
[18Nov2025 01:55:41.888] [Server thread/WARN] [net.minecraft.server.level.ServerPlayerGameMode/]: Mismatch in destroy block pos: BlockPos{x=192, y=15, z=393} BlockPos{x=191, y=15, z=393}
[18Nov2025 01:55:41.937] [Server thread/WARN] [net.minecraft.server.level.ServerPlayerGameMode/]: Mismatch in destroy block pos: BlockPos{x=192, y=15, z=393} BlockPos{x=191, y=15, z=393}
[18Nov2025 01:55:41.983] [Server thread/WARN] [net.minecraft.server.level.ServerPlayerGameMode/]: Mismatch in destroy block pos: BlockPos{x=192, y=15, z=393} BlockPos{x=191, y=15, z=393}
[18Nov2025 01:55:42.029] [Server thread/WARN] [net.minecraft.server.level.ServerPlayerGameMode/]: Mismatch in destroy block pos: BlockPos{x=192, y=15, z=393} BlockPos{x=191, y=15, z=393}
[18Nov2025 01:55:42.086] [Server thread/WARN] [net.minecraft.server.level.ServerPlayerGameMode/]: Mismatch in destroy block pos: BlockPos{x=192, y=15, z=393} BlockPos{x=191, y=15, z=393}
[18Nov2025 01:55:42.138] [Server thread/WARN] [net.minecraft.server.level.ServerPlayerGameMode/]: Mismatch in destroy block pos: BlockPos{x=192, y=15, z=393} BlockPos{x=191, y=15, z=393}
[18Nov2025 01:55:42.179] [Server thread/WARN] [net.minecraft.server.level.ServerPlayerGameMode/]: Mismatch in destroy block pos: BlockPos{x=192, y=15, z=393} BlockPos{x=191, y=15, z=393}
[18Nov2025 01:55:42.249] [Server thread/WARN] [net.minecraft.server.level.ServerPlayerGameMode/]: Mismatch in destroy block pos: BlockPos{x=192, y=15, z=393} BlockPos{x=191, y=15, z=393}
[18Nov2025 01:55:42.286] [Server thread/WARN] [net.minecraft.server.level.ServerPlayerGameMode/]: Mismatch in destroy block pos: BlockPos{x=192, y=15, z=393} BlockPos{x=191, y=15, z=393}
[18Nov2025 01:55:42.331] [Server thread/WARN] [net.minecraft.server.level.ServerPlayerGameMode/]: Mismatch in destroy block pos: BlockPos{x=192, y=15, z=393} BlockPos{x=191, y=15, z=393}
[18Nov2025 01:56:08.438] [Server thread/WARN] [net.minecraft.server.level.ServerPlayerGameMode/]: Mismatch in destroy block pos: BlockPos{x=201, y=17, z=389} BlockPos{x=201, y=16, z=388}
[18Nov2025 01:56:28.346] [Server thread/INFO] [net.minecraft.server.MinecraftServer/]: [Not Secure] <Candy_Zagy> quieres o ocupas piedra negra?
[18Nov2025 01:56:54.143] [Server thread/INFO] [net.minecraft.server.MinecraftServer/]: [Not Secure] <Candy_Zagy> Oido cocina
[18Nov2025 01:56:57.683] [Server thread/INFO] [net.minecraft.server.MinecraftServer/]: [Not Secure] <Candy_Zagy> te conseguire entonces mor
[18Nov2025 01:59:00.453] [Server thread/INFO] [net.minecraft.server.MinecraftServer/]: [Not Secure] <Candy_Zagy> Nice!
[18Nov2025 01:59:12.188] [Server thread/INFO] [net.minecraft.server.MinecraftServer/]: [Not Secure] <Candy_Zagy> en donde hiciste eso mor?
[18Nov2025 02:00:22.430] [Server thread/INFO] [net.minecraft.server.MinecraftServer/]: [Melosito_Neo: Set own game mode to Creative Mode]
[18Nov2025 02:00:26.395] [Server thread/INFO] [net.minecraft.server.MinecraftServer/]: [Melosito_Neo: Set own game mode to Survival Mode]
[18Nov2025 02:00:52.884] [Server thread/WARN] [net.minecraft.server.level.ServerPlayerGameMode/]: Mismatch in destroy block pos: BlockPos{x=177, y=12, z=431} BlockPos{x=178, y=11, z=431}
[18Nov2025 02:00:59.530] [Server thread/WARN] [net.minecraft.server.level.ServerPlayerGameMode/]: Mismatch in destroy block pos: BlockPos{x=183, y=8, z=435} BlockPos{x=185, y=9, z=437}
[18Nov2025 02:01:00.233] [Server thread/WARN] [net.minecraft.server.level.ServerPlayerGameMode/]: Mismatch in destroy block pos: BlockPos{x=185, y=8, z=435} BlockPos{x=185, y=7, z=436}
[18Nov2025 02:01:00.279] [Server thread/WARN] [net.minecraft.server.level.ServerPlayerGameMode/]: Mismatch in destroy block pos: BlockPos{x=185, y=8, z=435} BlockPos{x=185, y=7, z=436}
[18Nov2025 02:01:00.332] [Server thread/WARN] [net.minecraft.server.level.ServerPlayerGameMode/]: Mismatch in destroy block pos: BlockPos{x=185, y=8, z=435} BlockPos{x=185, y=7, z=436}
[18Nov2025 02:01:00.383] [Server thread/WARN] [net.minecraft.server.level.ServerPlayerGameMode/]: Mismatch in destroy block pos: BlockPos{x=185, y=8, z=435} BlockPos{x=185, y=7, z=436}
[18Nov2025 02:01:00.433] [Server thread/WARN] [net.minecraft.server.level.ServerPlayerGameMode/]: Mismatch in destroy block pos: BlockPos{x=185, y=8, z=435} BlockPos{x=185, y=7, z=436}
[18Nov2025 02:01:00.488] [Server thread/WARN] [net.minecraft.server.level.ServerPlayerGameMode/]: Mismatch in destroy block pos: BlockPos{x=185, y=8, z=435} BlockPos{x=185, y=7, z=436}
[18Nov2025 02:01:00.534] [Server thread/WARN] [net.minecraft.server.level.ServerPlayerGameMode/]: Mismatch in destroy block pos: BlockPos{x=185, y=8, z=435} BlockPos{x=185, y=7, z=436}
[18Nov2025 02:01:00.586] [Server thread/WARN] [net.minecraft.server.level.ServerPlayerGameMode/]: Mismatch in destroy block pos: BlockPos{x=185, y=8, z=435} BlockPos{x=185, y=7, z=436}
[18Nov2025 02:01:00.634] [Server thread/WARN] [net.minecraft.server.level.ServerPlayerGameMode/]: Mismatch in destroy block pos: BlockPos{x=185, y=8, z=435} BlockPos{x=185, y=7, z=436}
[18Nov2025 02:01:00.677] [Server thread/WARN] [net.minecraft.server.level.ServerPlayerGameMode/]: Mismatch in destroy block pos: BlockPos{x=185, y=8, z=435} BlockPos{x=185, y=7, z=436}
[18Nov2025 02:01:00.736] [Server thread/WARN] [net.minecraft.server.level.ServerPlayerGameMode/]: Mismatch in destroy block pos: BlockPos{x=187, y=6, z=433} BlockPos{x=185, y=7, z=436}
[18Nov2025 02:03:25.732] [Server thread/WARN] [net.minecraft.server.level.ServerPlayerGameMode/]: Mismatch in destroy block pos: BlockPos{x=90, y=7, z=389} BlockPos{x=90, y=8, z=390}
[18Nov2025 02:03:25.790] [Server thread/WARN] [net.minecraft.server.level.ServerPlayerGameMode/]: Mismatch in destroy block pos: BlockPos{x=90, y=7, z=388} BlockPos{x=90, y=8, z=390}
[18Nov2025 02:03:25.834] [Server thread/WARN] [net.minecraft.server.level.ServerPlayerGameMode/]: Mismatch in destroy block pos: BlockPos{x=89, y=7, z=389} BlockPos{x=90, y=8, z=390}
[18Nov2025 02:03:25.884] [Server thread/WARN] [net.minecraft.server.level.ServerPlayerGameMode/]: Mismatch in destroy block pos: BlockPos{x=90, y=7, z=389} BlockPos{x=90, y=8, z=390}
[18Nov2025 02:03:25.938] [Server thread/WARN] [net.minecraft.server.level.ServerPlayerGameMode/]: Mismatch in destroy block pos: BlockPos{x=90, y=7, z=388} BlockPos{x=90, y=8, z=390}
[18Nov2025 02:03:25.987] [Server thread/WARN] [net.minecraft.server.level.ServerPlayerGameMode/]: Mismatch in destroy block pos: BlockPos{x=89, y=7, z=389} BlockPos{x=90, y=8, z=390}
[18Nov2025 02:03:26.036] [Server thread/WARN] [net.minecraft.server.level.ServerPlayerGameMode/]: Mismatch in destroy block pos: BlockPos{x=89, y=7, z=389} BlockPos{x=90, y=8, z=390}
[18Nov2025 02:03:26.088] [Server thread/WARN] [net.minecraft.server.level.ServerPlayerGameMode/]: Mismatch in destroy block pos: BlockPos{x=89, y=7, z=389} BlockPos{x=90, y=8, z=390}
[18Nov2025 02:03:26.138] [Server thread/WARN] [net.minecraft.server.level.ServerPlayerGameMode/]: Mismatch in destroy block pos: BlockPos{x=89, y=7, z=389} BlockPos{x=90, y=8, z=390}
[18Nov2025 02:03:28.732] [Server thread/WARN] [net.minecraft.server.level.ServerPlayerGameMode/]: Mismatch in destroy block pos: BlockPos{x=91, y=11, z=391} BlockPos{x=90, y=11, z=393}
[18Nov2025 02:03:28.784] [Server thread/WARN] [net.minecraft.server.level.ServerPlayerGameMode/]: Mismatch in destroy block pos: BlockPos{x=91, y=11, z=391} BlockPos{x=90, y=11, z=393}
[18Nov2025 02:03:28.837] [Server thread/WARN] [net.minecraft.server.level.ServerPlayerGameMode/]: Mismatch in destroy block pos: BlockPos{x=91, y=11, z=391} BlockPos{x=90, y=11, z=393}
[18Nov2025 02:03:28.892] [Server thread/WARN] [net.minecraft.server.level.ServerPlayerGameMode/]: Mismatch in destroy block pos: BlockPos{x=91, y=11, z=391} BlockPos{x=90, y=11, z=393}
[18Nov2025 02:03:28.941] [Server thread/WARN] [net.minecraft.server.level.ServerPlayerGameMode/]: Mismatch in destroy block pos: BlockPos{x=91, y=11, z=391} BlockPos{x=90, y=11, z=393}
[18Nov2025 02:03:28.987] [Server thread/WARN] [net.minecraft.server.level.ServerPlayerGameMode/]: Mismatch in destroy block pos: BlockPos{x=91, y=11, z=391} BlockPos{x=90, y=11, z=393}
[18Nov2025 02:03:29.036] [Server thread/WARN] [net.minecraft.server.level.ServerPlayerGameMode/]: Mismatch in destroy block pos: BlockPos{x=91, y=11, z=391} BlockPos{x=90, y=11, z=393}
[18Nov2025 02:03:29.113] [Server thread/WARN] [net.minecraft.server.level.ServerPlayerGameMode/]: Mismatch in destroy block pos: BlockPos{x=91, y=11, z=391} BlockPos{x=90, y=11, z=393}
[18Nov2025 02:03:29.141] [Server thread/WARN] [net.minecraft.server.level.ServerPlayerGameMode/]: Mismatch in destroy block pos: BlockPos{x=91, y=11, z=391} BlockPos{x=90, y=11, z=393}
[18Nov2025 02:03:29.186] [Server thread/WARN] [net.minecraft.server.level.ServerPlayerGameMode/]: Mismatch in destroy block pos: BlockPos{x=91, y=11, z=391} BlockPos{x=90, y=11, z=393}
[18Nov2025 02:03:29.239] [Server thread/WARN] [net.minecraft.server.level.ServerPlayerGameMode/]: Mismatch in destroy block pos: BlockPos{x=91, y=11, z=391} BlockPos{x=90, y=11, z=393}
[18Nov2025 02:03:29.285] [Server thread/WARN] [net.minecraft.server.level.ServerPlayerGameMode/]: Mismatch in destroy block pos: BlockPos{x=91, y=11, z=391} BlockPos{x=90, y=11, z=393}
[18Nov2025 02:03:29.334] [Server thread/WARN] [net.minecraft.server.level.ServerPlayerGameMode/]: Mismatch in destroy block pos: BlockPos{x=91, y=11, z=391} BlockPos{x=90, y=11, z=393}
[18Nov2025 02:03:29.384] [Server thread/WARN] [net.minecraft.server.level.ServerPlayerGameMode/]: Mismatch in destroy block pos: BlockPos{x=91, y=11, z=391} BlockPos{x=90, y=11, z=393}
[18Nov2025 02:03:29.435] [Server thread/WARN] [net.minecraft.server.level.ServerPlayerGameMode/]: Mismatch in destroy block pos: BlockPos{x=91, y=11, z=391} BlockPos{x=90, y=11, z=393}
[18Nov2025 02:03:29.482] [Server thread/WARN] [net.minecraft.server.level.ServerPlayerGameMode/]: Mismatch in destroy block pos: BlockPos{x=91, y=11, z=391} BlockPos{x=90, y=11, z=393}
[18Nov2025 02:03:29.542] [Server thread/WARN] [net.minecraft.server.level.ServerPlayerGameMode/]: Mismatch in destroy block pos: BlockPos{x=91, y=11, z=391} BlockPos{x=90, y=11, z=393}
[18Nov2025 02:03:29.584] [Server thread/WARN] [net.minecraft.server.level.ServerPlayerGameMode/]: Mismatch in destroy block pos: BlockPos{x=91, y=11, z=391} BlockPos{x=90, y=11, z=393}
[18Nov2025 02:03:31.537] [Server thread/WARN] [net.minecraft.server.level.ServerPlayerGameMode/]: Mismatch in destroy block pos: BlockPos{x=89, y=12, z=394} BlockPos{x=86, y=11, z=394}
[18Nov2025 02:03:31.586] [Server thread/WARN] [net.minecraft.server.level.ServerPlayerGameMode/]: Mismatch in destroy block pos: BlockPos{x=89, y=12, z=394} BlockPos{x=86, y=11, z=394}
[18Nov2025 02:03:31.636] [Server thread/WARN] [net.minecraft.server.level.ServerPlayerGameMode/]: Mismatch in destroy block pos: BlockPos{x=89, y=12, z=394} BlockPos{x=86, y=11, z=394}
[18Nov2025 02:03:31.686] [Server thread/WARN] [net.minecraft.server.level.ServerPlayerGameMode/]: Mismatch in destroy block pos: BlockPos{x=89, y=12, z=394} BlockPos{x=86, y=11, z=394}
[18Nov2025 02:03:31.734] [Server thread/WARN] [net.minecraft.server.level.ServerPlayerGameMode/]: Mismatch in destroy block pos: BlockPos{x=89, y=12, z=394} BlockPos{x=86, y=11, z=394}
[18Nov2025 02:03:31.792] [Server thread/WARN] [net.minecraft.server.level.ServerPlayerGameMode/]: Mismatch in destroy block pos: BlockPos{x=89, y=12, z=394} BlockPos{x=86, y=11, z=394}
[18Nov2025 02:03:33.938] [Server thread/WARN] [net.minecraft.server.level.ServerPlayerGameMode/]: Mismatch in destroy block pos: BlockPos{x=86, y=12, z=397} BlockPos{x=85, y=11, z=398}
[18Nov2025 02:03:33.982] [Server thread/WARN] [net.minecraft.server.level.ServerPlayerGameMode/]: Mismatch in destroy block pos: BlockPos{x=86, y=12, z=397} BlockPos{x=85, y=11, z=398}
[18Nov2025 02:03:34.032] [Server thread/WARN] [net.minecraft.server.level.ServerPlayerGameMode/]: Mismatch in destroy block pos: BlockPos{x=86, y=12, z=397} BlockPos{x=85, y=11, z=398}
[18Nov2025 02:03:34.089] [Server thread/WARN] [net.minecraft.server.level.ServerPlayerGameMode/]: Mismatch in destroy block pos: BlockPos{x=86, y=12, z=397} BlockPos{x=85, y=11, z=398}
[18Nov2025 02:05:08.836] [Server thread/INFO] [net.minecraft.server.MinecraftServer/]: [Not Secure] <Candy_Zagy> AKJHSDKASJd
[18Nov2025 02:05:24.786] [Server thread/WARN] [net.minecraft.server.level.ServerPlayerGameMode/]: Mismatch in destroy block pos: BlockPos{x=11, y=12, z=461} BlockPos{x=11, y=11, z=462}
[18Nov2025 02:05:24.836] [Server thread/WARN] [net.minecraft.server.level.ServerPlayerGameMode/]: Mismatch in destroy block pos: BlockPos{x=11, y=12, z=461} BlockPos{x=11, y=11, z=462}
[18Nov2025 02:05:24.886] [Server thread/WARN] [net.minecraft.server.level.ServerPlayerGameMode/]: Mismatch in destroy block pos: BlockPos{x=11, y=12, z=461} BlockPos{x=11, y=11, z=462}
[18Nov2025 02:05:35.041] [Server thread/WARN] [net.minecraft.server.level.ServerPlayerGameMode/]: Mismatch in destroy block pos: BlockPos{x=7, y=11, z=472} BlockPos{x=7, y=10, z=471}
[18Nov2025 02:05:35.084] [Server thread/WARN] [net.minecraft.server.level.ServerPlayerGameMode/]: Mismatch in destroy block pos: BlockPos{x=7, y=11, z=472} BlockPos{x=7, y=10, z=471}
[18Nov2025 02:05:35.132] [Server thread/WARN] [net.minecraft.server.level.ServerPlayerGameMode/]: Mismatch in destroy block pos: BlockPos{x=7, y=11, z=472} BlockPos{x=7, y=10, z=471}
[18Nov2025 02:05:35.181] [Server thread/WARN] [net.minecraft.server.level.ServerPlayerGameMode/]: Mismatch in destroy block pos: BlockPos{x=7, y=11, z=472} BlockPos{x=7, y=10, z=471}
[18Nov2025 02:05:35.230] [Server thread/WARN] [net.minecraft.server.level.ServerPlayerGameMode/]: Mismatch in destroy block pos: BlockPos{x=7, y=11, z=472} BlockPos{x=7, y=10, z=471}
[18Nov2025 02:05:35.287] [Server thread/WARN] [net.minecraft.server.level.ServerPlayerGameMode/]: Mismatch in destroy block pos: BlockPos{x=7, y=11, z=472} BlockPos{x=7, y=10, z=471}
[18Nov2025 02:08:23.449] [Server thread/INFO] [net.minecraft.server.MinecraftServer/]: [Not Secure] <Candy_Zagy> que piden?
[18Nov2025 02:08:30.837] [Server thread/INFO] [net.minecraft.server.MinecraftServer/]: [Not Secure] <Candy_Zagy> ENDER PEEERL
[18Nov2025 02:08:32.188] [Server thread/INFO] [net.minecraft.server.MinecraftServer/]: [Not Secure] <Candy_Zagy> ehh
[18Nov2025 02:08:32.954] [Server thread/INFO] [net.minecraft.server.MinecraftServer/]: [Not Secure] <Candy_Zagy> nao
[18Nov2025 02:08:51.142] [Server thread/INFO] [net.minecraft.server.MinecraftServer/]: [Not Secure] <Candy_Zagy> voy a ir a
[18Nov2025 02:08:54.999] [Server thread/INFO] [net.minecraft.server.MinecraftServer/]: [Not Secure] <Candy_Zagy> ocupamos cobre
[18Nov2025 02:09:56.881] [Server thread/WARN] [net.minecraft.server.level.ServerPlayerGameMode/]: Mismatch in destroy block pos: BlockPos{x=-80, y=20, z=508} BlockPos{x=-79, y=18, z=509}
[18Nov2025 02:09:56.931] [Server thread/WARN] [net.minecraft.server.level.ServerPlayerGameMode/]: Mismatch in destroy block pos: BlockPos{x=-80, y=20, z=508} BlockPos{x=-79, y=18, z=509}
[18Nov2025 02:09:56.987] [Server thread/WARN] [net.minecraft.server.level.ServerPlayerGameMode/]: Mismatch in destroy block pos: BlockPos{x=-80, y=20, z=508} BlockPos{x=-79, y=18, z=509}
[18Nov2025 02:09:57.036] [Server thread/WARN] [net.minecraft.server.level.ServerPlayerGameMode/]: Mismatch in destroy block pos: BlockPos{x=-80, y=20, z=508} BlockPos{x=-79, y=18, z=509}
[18Nov2025 02:09:57.114] [Server thread/WARN] [net.minecraft.server.level.ServerPlayerGameMode/]: Mismatch in destroy block pos: BlockPos{x=-80, y=20, z=508} BlockPos{x=-79, y=18, z=509}
[18Nov2025 02:09:57.142] [Server thread/WARN] [net.minecraft.server.level.ServerPlayerGameMode/]: Mismatch in destroy block pos: BlockPos{x=-80, y=20, z=508} BlockPos{x=-79, y=18, z=509}
[18Nov2025 02:10:14.532] [Server thread/WARN] [net.minecraft.server.level.ServerPlayerGameMode/]: Mismatch in destroy block pos: BlockPos{x=-91, y=21, z=516} BlockPos{x=-95, y=21, z=516}
[18Nov2025 02:10:14.581] [Server thread/WARN] [net.minecraft.server.level.ServerPlayerGameMode/]: Mismatch in destroy block pos: BlockPos{x=-94, y=20, z=516} BlockPos{x=-95, y=21, z=516}
[18Nov2025 02:10:15.585] [Server thread/WARN] [net.minecraft.server.level.ServerPlayerGameMode/]: Mismatch in destroy block pos: BlockPos{x=-93, y=19, z=514} BlockPos{x=-92, y=19, z=514}
[18Nov2025 02:10:15.633] [Server thread/WARN] [net.minecraft.server.level.ServerPlayerGameMode/]: Mismatch in destroy block pos: BlockPos{x=-93, y=19, z=514} BlockPos{x=-92, y=19, z=514}
[18Nov2025 02:10:15.681] [Server thread/WARN] [net.minecraft.server.level.ServerPlayerGameMode/]: Mismatch in destroy block pos: BlockPos{x=-93, y=19, z=514} BlockPos{x=-92, y=19, z=514}
[18Nov2025 02:10:15.735] [Server thread/WARN] [net.minecraft.server.level.ServerPlayerGameMode/]: Mismatch in destroy block pos: BlockPos{x=-93, y=19, z=514} BlockPos{x=-92, y=19, z=514}
[18Nov2025 02:10:15.779] [Server thread/WARN] [net.minecraft.server.level.ServerPlayerGameMode/]: Mismatch in destroy block pos: BlockPos{x=-93, y=19, z=514} BlockPos{x=-92, y=19, z=514}
[18Nov2025 02:10:15.830] [Server thread/WARN] [net.minecraft.server.level.ServerPlayerGameMode/]: Mismatch in destroy block pos: BlockPos{x=-93, y=19, z=514} BlockPos{x=-92, y=19, z=514}
[18Nov2025 02:10:15.888] [Server thread/WARN] [net.minecraft.server.level.ServerPlayerGameMode/]: Mismatch in destroy block pos: BlockPos{x=-93, y=19, z=514} BlockPos{x=-92, y=19, z=514}
[18Nov2025 02:10:15.931] [Server thread/WARN] [net.minecraft.server.level.ServerPlayerGameMode/]: Mismatch in destroy block pos: BlockPos{x=-93, y=19, z=514} BlockPos{x=-92, y=19, z=514}
[18Nov2025 02:10:15.986] [Server thread/WARN] [net.minecraft.server.level.ServerPlayerGameMode/]: Mismatch in destroy block pos: BlockPos{x=-93, y=19, z=514} BlockPos{x=-92, y=19, z=514}
[18Nov2025 02:10:16.034] [Server thread/WARN] [net.minecraft.server.level.ServerPlayerGameMode/]: Mismatch in destroy block pos: BlockPos{x=-93, y=19, z=514} BlockPos{x=-92, y=19, z=514}
[18Nov2025 02:10:16.083] [Server thread/WARN] [net.minecraft.server.level.ServerPlayerGameMode/]: Mismatch in destroy block pos: BlockPos{x=-93, y=19, z=514} BlockPos{x=-92, y=19, z=514}
[18Nov2025 02:10:16.156] [Server thread/WARN] [net.minecraft.server.level.ServerPlayerGameMode/]: Mismatch in destroy block pos: BlockPos{x=-93, y=19, z=514} BlockPos{x=-92, y=19, z=514}
[18Nov2025 02:10:16.184] [Server thread/WARN] [net.minecraft.server.level.ServerPlayerGameMode/]: Mismatch in destroy block pos: BlockPos{x=-93, y=19, z=514} BlockPos{x=-92, y=19, z=514}
[18Nov2025 02:10:16.233] [Server thread/WARN] [net.minecraft.server.level.ServerPlayerGameMode/]: Mismatch in destroy block pos: BlockPos{x=-93, y=19, z=514} BlockPos{x=-92, y=19, z=514}
[18Nov2025 02:10:16.279] [Server thread/WARN] [net.minecraft.server.level.ServerPlayerGameMode/]: Mismatch in destroy block pos: BlockPos{x=-93, y=19, z=514} BlockPos{x=-92, y=19, z=514}
[18Nov2025 02:10:16.339] [Server thread/WARN] [net.minecraft.server.level.ServerPlayerGameMode/]: Mismatch in destroy block pos: BlockPos{x=-93, y=19, z=514} BlockPos{x=-92, y=19, z=514}
[18Nov2025 02:10:16.386] [Server thread/WARN] [net.minecraft.server.level.ServerPlayerGameMode/]: Mismatch in destroy block pos: BlockPos{x=-93, y=19, z=514} BlockPos{x=-92, y=19, z=514}
[18Nov2025 02:10:16.432] [Server thread/WARN] [net.minecraft.server.level.ServerPlayerGameMode/]: Mismatch in destroy block pos: BlockPos{x=-93, y=19, z=514} BlockPos{x=-92, y=19, z=514}
[18Nov2025 02:10:16.482] [Server thread/WARN] [net.minecraft.server.level.ServerPlayerGameMode/]: Mismatch in destroy block pos: BlockPos{x=-93, y=19, z=514} BlockPos{x=-92, y=19, z=514}
[18Nov2025 02:10:16.538] [Server thread/WARN] [net.minecraft.server.level.ServerPlayerGameMode/]: Mismatch in destroy block pos: BlockPos{x=-93, y=19, z=514} BlockPos{x=-92, y=19, z=514}
[18Nov2025 02:10:16.590] [Server thread/WARN] [net.minecraft.server.level.ServerPlayerGameMode/]: Mismatch in destroy block pos: BlockPos{x=-93, y=19, z=514} BlockPos{x=-92, y=19, z=514}
[18Nov2025 02:10:55.396] [Server thread/INFO] [net.minecraft.server.MinecraftServer/]: [Not Secure] <Candy_Zagy> Sipi cariño!
[18Nov2025 02:11:09.432] [Server thread/WARN] [net.minecraft.server.level.ServerPlayerGameMode/]: Mismatch in destroy block pos: BlockPos{x=-132, y=22, z=525} BlockPos{x=-131, y=22, z=527}
[18Nov2025 02:11:33.892] [Server thread/INFO] [net.minecraft.server.MinecraftServer/]: [Not Secure] <Candy_Zagy> OHH NO FUCKING WAY
[18Nov2025 02:11:38.981] [Server thread/INFO] [net.minecraft.server.MinecraftServer/]: [Not Secure] <Candy_Zagy> EL DEBRIS NO SE FUNDE EN LAVA?
[18Nov2025 02:11:55.478] [Server thread/INFO] [net.minecraft.server.MinecraftServer/]: [Not Secure] <Candy_Zagy> Si pero pense que no era en todas las versiones
[18Nov2025 02:12:02.531] [Server thread/INFO] [net.minecraft.server.MinecraftServer/]: [Not Secure] <Candy_Zagy> si tiro mi pico tampoco se funde?
[18Nov2025 02:12:21.330] [Server thread/INFO] [net.minecraft.server.MinecraftServer/]: [Not Secure] <Candy_Zagy> cool
[18Nov2025 02:12:22.096] [Server thread/INFO] [net.minecraft.server.MinecraftServer/]: [Not Secure] <Candy_Zagy> nice
[18Nov2025 02:12:35.895] [Server thread/WARN] [net.minecraft.server.level.ServerPlayerGameMode/]: Mismatch in destroy block pos: BlockPos{x=-162, y=20, z=531} BlockPos{x=-163, y=22, z=531}
[18Nov2025 02:12:40.957] [Server thread/INFO] [net.minecraft.server.MinecraftServer/]: [Not Secure] <Candy_Zagy> te gustaria verme jugando lol
[18Nov2025 02:12:42.980] [Server thread/INFO] [net.minecraft.server.MinecraftServer/]: [Not Secure] <Candy_Zagy> o algonm?
[18Nov2025 02:12:48.931] [Server thread/INFO] [net.minecraft.server.MinecraftServer/]: [Not Secure] <Candy_Zagy> o te gustaria jugar algo?
[18Nov2025 02:12:52.895] [Server thread/INFO] [net.minecraft.server.MinecraftServer/]: [Not Secure] <Candy_Zagy> o ver un vid en lo que hago algo
[18Nov2025 02:13:15.490] [Server thread/INFO] [net.minecraft.server.MinecraftServer/]: [Not Secure] <Candy_Zagy> si gustas descansar podria jugar algo
[18Nov2025 02:13:19.288] [Server thread/INFO] [net.minecraft.server.MinecraftServer/]: [Not Secure] <Candy_Zagy> asi te puedes relajar
[18Nov2025 02:13:22.129] [Server thread/INFO] [net.minecraft.server.MinecraftServer/]: [Not Secure] <Candy_Zagy> y si te da sueñito
[18Nov2025 02:13:27.733] [Server thread/INFO] [net.minecraft.server.MinecraftServer/]: [Not Secure] <Candy_Zagy> te envuelvo en mis brazitos
[18Nov2025 02:13:34.094] [Server thread/INFO] [net.minecraft.server.MinecraftServer/]: [Not Secure] <Candy_Zagy> y te abrazo y te cuido y te lleno de besitos
[18Nov2025 02:13:37.253] [Server thread/INFO] [net.minecraft.server.MinecraftServer/]: [Not Secure] <Candy_Zagy> mi lindo y hermoso Neo
[18Nov2025 02:13:39.789] [Server thread/INFO] [net.minecraft.server.MinecraftServer/]: [Not Secure] <Candy_Zagy> SIIIIIIIIII
[18Nov2025 02:13:53.027] [Server thread/WARN] [net.minecraft.server.level.ServerEntity/]: Fetching packet for removed entity ItemEntity['Air'/149526, l='ServerLevel[world]', x=-237.50, y=63.81, z=555.50, removed=DISCARDED]
[18Nov2025 02:14:16.599] [Server thread/INFO] [net.minecraft.server.MinecraftServer/]: [Not Secure] <Candy_Zagy> bueno 30 debris en total
[18Nov2025 02:14:18.583] [Server thread/INFO] [net.minecraft.server.MinecraftServer/]: [Not Secure] <Candy_Zagy> bastante peak
[18Nov2025 02:14:27.832] [Server thread/INFO] [net.minecraft.server.MinecraftServer/]: [Not Secure] <Candy_Zagy> ES QUE
[18Nov2025 02:14:31.558] [Server thread/INFO] [net.minecraft.server.MinecraftServer/]: [Not Secure] <Candy_Zagy> te mande ese gif porque
[18Nov2025 02:14:32.529] [Server thread/WARN] [net.minecraft.server.level.ServerEntity/]: Fetching packet for removed entity ItemEntity['Air'/149526, l='ServerLevel[world]', x=-237.50, y=63.81, z=555.50, removed=DISCARDED]
[18Nov2025 02:14:36.181] [Server thread/INFO] [net.minecraft.server.MinecraftServer/]: [Not Secure] <Candy_Zagy> a mano le gano a lo automatico
[18Nov2025 02:14:38.306] [Server thread/INFO] [net.minecraft.server.MinecraftServer/]: [Not Secure] <Candy_Zagy> (??
[18Nov2025 02:14:48.208] [Server thread/INFO] [net.minecraft.server.MinecraftServer/]: [Not Secure] <Candy_Zagy> TAMBIEN PASA QUE
[18Nov2025 02:14:54.031] [Server thread/INFO] [net.minecraft.server.MinecraftServer/]: [Not Secure] <Candy_Zagy> soy la mano de obra barata en cuanto a farmeo amor
[18Nov2025 02:15:01.884] [Server thread/INFO] [net.minecraft.server.MinecraftServer/]: [Not Secure] <Candy_Zagy> toda mi vida he sido la que va y grindea x material
[18Nov2025 02:15:02.779] [Server thread/INFO] [net.minecraft.server.MinecraftServer/]: [Not Secure] <Candy_Zagy> KHJASDK
[18Nov2025 02:15:06.445] [Server thread/INFO] [net.minecraft.server.MinecraftServer/]: [Not Secure] <Candy_Zagy> sera ya suerte
[18Nov2025 02:15:10.792] [Server thread/INFO] [net.minecraft.server.MinecraftServer/]: [Not Secure] <Candy_Zagy> por
[18Nov2025 02:15:15.893] [Server thread/INFO] [net.minecraft.server.MinecraftServer/]: [Not Secure] <Candy_Zagy> MUACKMUACKMUACKMUACKMUACK
[18Nov2025 02:15:18.336] [Server thread/INFO] [net.minecraft.server.MinecraftServer/]: [Not Secure] <Candy_Zagy> OHHHH
[18Nov2025 02:15:21.798] [Server thread/INFO] [net.minecraft.server.MinecraftServer/]: [Not Secure] <Candy_Zagy> Si, que rico
[18Nov2025 02:15:26.599] [Server thread/INFO] [net.minecraft.server.MinecraftServer/]: [Not Secure] <Candy_Zagy> SANDWICH CON EL PAN DEL OSITO
[18Nov2025 02:16:03.481] [Server thread/WARN] [net.minecraft.server.level.ServerPlayerGameMode/]: Mismatch in destroy block pos: BlockPos{x=-72, y=23, z=540} BlockPos{x=-69, y=20, z=540}
[18Nov2025 02:16:03.544] [Server thread/WARN] [net.minecraft.server.level.ServerPlayerGameMode/]: Mismatch in destroy block pos: BlockPos{x=-72, y=23, z=540} BlockPos{x=-69, y=20, z=540}
[18Nov2025 02:16:03.589] [Server thread/WARN] [net.minecraft.server.level.ServerPlayerGameMode/]: Mismatch in destroy block pos: BlockPos{x=-72, y=23, z=540} BlockPos{x=-69, y=20, z=540}
[18Nov2025 02:16:03.633] [Server thread/WARN] [net.minecraft.server.level.ServerPlayerGameMode/]: Mismatch in destroy block pos: BlockPos{x=-72, y=23, z=540} BlockPos{x=-69, y=20, z=540}
[18Nov2025 02:16:35.641] [Server thread/WARN] [net.minecraft.server.level.ServerPlayerGameMode/]: Mismatch in destroy block pos: BlockPos{x=-55, y=18, z=515} BlockPos{x=-55, y=18, z=514}
[18Nov2025 02:16:42.279] [Server thread/INFO] [net.minecraft.server.MinecraftServer/]: [Not Secure] <Candy_Zagy> sim
[18Nov2025 02:16:47.592] [Server thread/WARN] [net.minecraft.server.level.ServerEntity/]: Fetching packet for removed entity ItemEntity['Air'/149526, l='ServerLevel[world]', x=-237.50, y=63.81, z=555.50, removed=DISCARDED]
[18Nov2025 02:16:56.883] [Server thread/INFO] [net.minecraft.server.MinecraftServer/]: [Not Secure] <Candy_Zagy> sipi!
[18Nov2025 02:17:05.411] [Server thread/WARN] [net.minecraft.server.level.ServerEntity/]: Fetching packet for removed entity ItemEntity['Air'/149526, l='ServerLevel[world]', x=-237.50, y=63.81, z=555.50, removed=DISCARDED]
[18Nov2025 02:17:19.782] [Server thread/INFO] [net.minecraft.server.MinecraftServer/]: [Not Secure] <Candy_Zagy> ASHAJKSD
[18Nov2025 02:17:38.198] [Server thread/INFO] [net.minecraft.server.MinecraftServer/]: [Not Secure] <Candy_Zagy> es que tengo autofundir
[18Nov2025 02:17:44.695] [Server thread/INFO] [net.minecraft.server.MinecraftServer/]: [Not Secure] <Candy_Zagy> akshdkjasd
[18Nov2025 02:17:47.886] [Server thread/INFO] [net.minecraft.server.MinecraftServer/]: [Not Secure] <Candy_Zagy> nao noa
[18Nov2025 02:17:50.527] [Server thread/INFO] [net.minecraft.server.MinecraftServer/]: [Not Secure] <Candy_Zagy> buenom
[18Nov2025 02:19:14.097] [Server thread/INFO] [net.minecraft.server.MinecraftServer/]: [Not Secure] <Candy_Zagy> que paso con todos los stacks que lanze mor?
[18Nov2025 02:19:26.206] [Server thread/INFO] [net.minecraft.server.MinecraftServer/]: [Not Secure] <Candy_Zagy> ashdkad
[18Nov2025 02:19:33.622] [Server thread/INFO] [net.minecraft.server.MinecraftServer/]: [Not Secure] <Candy_Zagy> nao de pepitas
[18Nov2025 02:19:39.423] [Server thread/INFO] [net.minecraft.server.MinecraftServer/]: [Not Secure] <Candy_Zagy> nao nao porque
[18Nov2025 02:19:42.103] [Server thread/INFO] [net.minecraft.server.MinecraftServer/]: [Not Secure] <Candy_Zagy> avente todo un inv
[18Nov2025 02:20:06.237] [Server thread/INFO] [net.minecraft.server.MinecraftServer/]: [Not Secure] <Candy_Zagy> nao nao, la ultima vez que lance todo un inv
[18Nov2025 02:20:15.036] [Server thread/INFO] [net.minecraft.server.MinecraftServer/]: [Not Secure] <Candy_Zagy> daba mucho más oro, incluso con la netherita dentro
[18Nov2025 02:20:21.577] [Server thread/INFO] [net.minecraft.server.MinecraftServer/]: [Not Secure] <Candy_Zagy> sali estafada
[18Nov2025 02:20:23.331] [Server thread/INFO] [net.minecraft.server.MinecraftServer/]: [Not Secure] <Candy_Zagy> fatal
[18Nov2025 02:20:24.734] [Server thread/INFO] [net.minecraft.server.MinecraftServer/]: [Not Secure] <Candy_Zagy> si
[18Nov2025 02:20:29.971] [Server thread/INFO] [net.minecraft.server.MinecraftServer/]: [Not Secure] <Candy_Zagy> dan 9 o 10 bloques
[18Nov2025 02:20:38.783] [Server thread/INFO] [net.minecraft.server.MinecraftServer/]: [Not Secure] <Candy_Zagy> pero entonces serian 18 lingotes
[18Nov2025 02:20:42.283] [Server thread/INFO] [net.minecraft.server.MinecraftServer/]: [Not Secure] <Candy_Zagy> no 6
[18Nov2025 02:20:46.487] [Server thread/INFO] [net.minecraft.server.MinecraftServer/]: [Not Secure] <Candy_Zagy> NI ESO
[18Nov2025 02:20:50.202] [Server thread/INFO] [net.minecraft.server.MinecraftServer/]: [Not Secure] <Candy_Zagy> nos dieron 5 lingotes
[18Nov2025 02:20:51.497] [Server thread/INFO] [net.minecraft.server.MinecraftServer/]: [Not Secure] <Candy_Zagy> bruhh
[18Nov2025 02:20:59.122] [Server thread/INFO] [net.minecraft.server.MinecraftServer/]: [Not Secure] <Candy_Zagy> cobalto y oro
[18Nov2025 02:21:35.055] [Server thread/INFO] [net.minecraft.server.MinecraftServer/]: [Not Secure] <Candy_Zagy> acabamos de perder lingotes askhdkasjd
[18Nov2025 02:21:47.233] [Server thread/INFO] [net.minecraft.server.MinecraftServer/]: [Not Secure] <Candy_Zagy> de oro y de nethe porque saque más escombros de otra mochila
[18Nov2025 02:22:01.099] [Server thread/INFO] [net.minecraft.server.MinecraftServer/]: [Not Secure] <Candy_Zagy> 29
[18Nov2025 02:22:20.180] [Server thread/INFO] [net.minecraft.server.MinecraftServer/]: [Not Secure] <Candy_Zagy> nao
[18Nov2025 02:22:25.039] [Server thread/INFO] [net.minecraft.server.MinecraftServer/]: [Not Secure] <Candy_Zagy> en el crisol hay cobalto
[18Nov2025 02:22:32.719] [Server thread/INFO] [net.minecraft.server.MinecraftServer/]: [Not Secure] <Candy_Zagy> para que no seeee
[18Nov2025 02:22:34.255] [Server thread/INFO] [net.minecraft.server.MinecraftServer/]: [Not Secure] <Candy_Zagy> drene
[18Nov2025 02:22:51.020] [Server thread/INFO] [net.minecraft.server.MinecraftServer/]: [Not Secure] <Candy_Zagy> nao asi ta bien
[18Nov2025 02:23:22.674] [Server thread/INFO] [net.minecraft.server.MinecraftServer/]: [Not Secure] <Candy_Zagy> BAHHHHH
[18Nov2025 02:23:27.420] [Server thread/INFO] [net.minecraft.server.MinecraftServer/]: [Not Secure] <Candy_Zagy> 0/10 no se puede beber
[18Nov2025 02:23:31.123] [Server thread/INFO] [net.minecraft.server.network.ServerGamePacketListenerImpl/]: Melosito_Neo lost connection: Disconnected
[18Nov2025 02:23:31.123] [Server thread/INFO] [net.minecraft.server.MinecraftServer/]: Melosito_Neo left the game
[18Nov2025 02:23:53.295] [Server thread/ERROR] [net.minecraft.stats.ServerRecipeBook/]: Tried to load unrecognized recipe: apotheosis:potion_charm_enchanting removed now.
[18Nov2025 02:23:53.300] [Server thread/ERROR] [net.minecraft.stats.ServerRecipeBook/]: Tried to load unrecognized recipe: apotheosis:potion_charm_enchanting removed now.
[18Nov2025 02:23:53.300] [Server thread/INFO] [net.minecraft.server.players.PlayerList/]: Melosito_Neo[/127.159.187.102:56493] logged in with entity id 204390 at (-197.58112489274401, 70.0, 545.2310361036798)
[18Nov2025 02:23:53.349] [Server thread/INFO] [net.minecraft.server.MinecraftServer/]: Melosito_Neo joined the game
[18Nov2025 02:23:53.367] [Server thread/WARN] [net.minecraft.server.level.ServerEntity/]: Fetching packet for removed entity ItemEntity['Air'/149526, l='ServerLevel[world]', x=-237.50, y=63.81, z=555.50, removed=DISCARDED]
[18Nov2025 02:23:53.399] [Server thread/INFO] [Jade/]: Syncing config to Melosito_Neo (e021c79e-37d6-3b8c-b53e-a73c06ecc29e)
[18Nov2025 02:23:53.448] [Server thread/INFO] [antiqueatlas/]: Sent markers data #-1 to player Melosito_Neo
[18Nov2025 02:23:53.448] [Server thread/INFO] [antiqueatlas/]: Sent custom biome data to player Melosito_Neo
[18Nov2025 02:23:53.448] [Server thread/INFO] [antiqueatlas/]: Sent custom biome data to player Melosito_Neo
[18Nov2025 02:23:53.449] [Server thread/INFO] [antiqueatlas/]: Sent custom biome data to player Melosito_Neo
[18Nov2025 02:23:53.449] [Server thread/INFO] [antiqueatlas/]: Sent custom biome data to player Melosito_Neo
[18Nov2025 02:23:53.485] [Server thread/INFO] [antiqueatlas/]: Sending dimension #ResourceKey[minecraft:dimension / minecraft:overworld]
[18Nov2025 02:23:53.491] [Server thread/INFO] [antiqueatlas/]: Sent dimension #ResourceKey[minecraft:dimension / minecraft:overworld] (95 tiles)
[18Nov2025 02:23:53.491] [Server thread/INFO] [antiqueatlas/]: Sent Atlas #2 data to player Melosito_Neo
[18Nov2025 02:23:53.492] [Server thread/INFO] [antiqueatlas/]: Sent markers data #2 to player Melosito_Neo
[18Nov2025 02:24:11.714] [Server thread/INFO] [net.minecraft.world.entity.LivingEntity/]: Named entity Skeleton['Honeyed Archer'/199568, l='ServerLevel[world]', x=-233.86, y=115.99, z=553.49] died: Honeyed Archer burned to death
[18Nov2025 02:24:44.642] [Server thread/INFO] [net.minecraft.server.MinecraftServer/]: [Not Secure] <Candy_Zagy> sim!
[18Nov2025 02:25:01.501] [Server thread/INFO] [net.minecraft.server.MinecraftServer/]: [Not Secure] <Candy_Zagy> sipi mi vida!
[18Nov2025 02:25:28.471] [Server thread/INFO] [net.minecraft.server.MinecraftServer/]: [Not Secure] <Candy_Zagy> sipi mor!
[18Nov2025 02:26:09.668] [Server thread/INFO] [net.minecraft.server.MinecraftServer/]: [Not Secure] <Candy_Zagy> Nice!
[18Nov2025 02:26:28.239] [Server thread/INFO] [net.minecraft.server.MinecraftServer/]: [Not Secure] <Candy_Zagy> ahora si me aguantas un hachazo con esa vida mor
[18Nov2025 02:26:29.630] [Server thread/INFO] [net.minecraft.server.MinecraftServer/]: [Not Secure] <Candy_Zagy> akshdka
[18Nov2025 02:26:49.122] [Server thread/INFO] [net.minecraft.server.MinecraftServer/]: [Not Secure] <Candy_Zagy> SIN nethe
[18Nov2025 02:27:00.487] [Server thread/INFO] [net.minecraft.server.MinecraftServer/]: [Melosito_Neo: Removed every effect from Melosito_Neo]
[18Nov2025 02:27:19.191] [Server thread/INFO] [net.minecraft.server.MinecraftServer/]: [Not Secure] <Candy_Zagy> Soy inmune al knockback
[18Nov2025 02:27:30.876] [Server thread/INFO] [net.minecraft.server.MinecraftServer/]: [Not Secure] <Candy_Zagy> nao
[18Nov2025 02:27:34.938] [Server thread/INFO] [net.minecraft.server.MinecraftServer/]: [Not Secure] <Candy_Zagy> soy inmune al knockback
[18Nov2025 02:27:35.571] [Server thread/INFO] [net.minecraft.server.MinecraftServer/]: [Not Secure] <Candy_Zagy> sim
[18Nov2025 02:28:01.551] [Server thread/INFO] [net.minecraft.server.MinecraftServer/]: [Not Secure] <Melosito_Neo> ./stop
[18Nov2025 02:28:06.855] [Server thread/INFO] [net.minecraft.server.MinecraftServer/]: [Not Secure] <Candy_Zagy> okis!
[18Nov2025 02:28:38.473] [Server thread/INFO] [net.minecraft.server.MinecraftServer/]: [Not Secure] <Candy_Zagy> ASJHDASJKD
[18Nov2025 02:28:41.689] [Server thread/INFO] [net.minecraft.server.MinecraftServer/]: [Not Secure] <Candy_Zagy> se fue a la obscuridad
[18Nov2025 02:28:55.276] [Server thread/INFO] [net.minecraft.server.MinecraftServer/]: [Not Secure] <Candy_Zagy> HASKJDw
[18Nov2025 02:28:58.619] [Server thread/INFO] [net.minecraft.server.MinecraftServer/]: [Not Secure] <Candy_Zagy> peak
[18Nov2025 02:29:28.820] [Server thread/INFO] [net.minecraft.server.MinecraftServer/]: [Not Secure] <Candy_Zagy> filo 9?
[18Nov2025 02:29:38.017] [Server thread/INFO] [net.minecraft.server.MinecraftServer/]: [Not Secure] <Candy_Zagy> Uff tengo el 10..
[18Nov2025 02:30:43.828] [Server thread/INFO] [net.minecraft.server.MinecraftServer/]: [Not Secure] <Candy_Zagy> gracias cari
[18Nov2025 02:31:11.576] [Server thread/INFO] [net.minecraft.server.MinecraftServer/]: [Melosito_Neo: Set the time to 13000]
[18Nov2025 02:32:10.591] [Server thread/INFO] [net.minecraft.server.MinecraftServer/]: [Not Secure] <Candy_Zagy> sipi cari!
[18Nov2025 02:32:19.592] [Server thread/INFO] [net.minecraft.server.MinecraftServer/]: [Candy_Zagy: Gamerule mobGriefing is now set to: false]
[18Nov2025 02:32:25.187] [Server thread/INFO] [net.minecraft.server.MinecraftServer/]: [Not Secure] <Candy_Zagy> askjdhaskjd por el momento y por si acaso
[18Nov2025 02:32:27.321] [Server thread/INFO] [net.minecraft.server.network.ServerGamePacketListenerImpl/]: Melosito_Neo lost connection: Disconnected
[18Nov2025 02:32:27.321] [Server thread/INFO] [net.minecraft.server.MinecraftServer/]: Melosito_Neo left the game
[18Nov2025 02:32:33.617] [Server thread/INFO] [net.minecraft.server.MinecraftServer/]: [Not Secure] <Candy_Zagy> OH
[18Nov2025 02:32:34.602] [Server thread/INFO] [net.minecraft.server.MinecraftServer/]: [Not Secure] <Candy_Zagy> Sim!
[18Nov2025 02:32:35.983] [Server thread/INFO] [net.minecraft.server.MinecraftServer/]: [Not Secure] <Candy_Zagy> muack!
[18Nov2025 02:32:58.125] [Server thread/INFO] [net.minecraft.server.MinecraftServer/]: [Not Secure] <Candy_Zagy> las encanto y luego me voy al LoL
[18Nov2025 02:33:38.353] [Server thread/INFO] [net.minecraft.server.MinecraftServer/]: [Not Secure] <Candy_Zagy> SIII
[18Nov2025 02:34:52.918] [Server thread/INFO] [net.minecraft.server.MinecraftServer/]: [Not Secure] <Candy_Zagy> son bien void?
[18Nov2025 02:43:15.051] [Server thread/INFO] [net.minecraft.world.entity.LivingEntity/]: Named entity Skeleton['Mister Bieodit the Ghost Hunter'/209738, l='ServerLevel[world]', x=-245.25, y=64.94, z=616.03] died: Mister Bieodit the Ghost Hunter was slain by Candy_Zagy using [Murderous Bonesplitter of the Magebreaker]
[18Nov2025 02:45:30.547] [Server thread/INFO] [net.minecraft.server.MinecraftServer/]: [Not Secure] <Candy_Zagy> holi mooor!
[18Nov2025 02:45:55.831] [Server thread/INFO] [net.minecraft.server.MinecraftServer/]: [Not Secure] <Candy_Zagy> muackmuackmuack!
[18Nov2025 02:50:36.701] [Server thread/WARN] [net.minecraft.server.level.ServerEntity/]: Fetching packet for removed entity ItemEntity['Air'/149526, l='ServerLevel[world]', x=-237.50, y=63.81, z=555.50, removed=DISCARDED]
[18Nov2025 02:51:07.901] [Server thread/INFO] [net.minecraft.server.MinecraftServer/]: [Candy_Zagy: Stopping the server]
[18Nov2025 02:51:07.914] [Server thread/INFO] [net.minecraft.server.MinecraftServer/]: Stopping server
[18Nov2025 02:51:07.915] [Server thread/INFO] [net.minecraft.server.MinecraftServer/]: Saving players
[18Nov2025 02:51:07.943] [Server thread/INFO] [net.minecraft.server.MinecraftServer/]: Saving worlds
[18Nov2025 02:51:08.128] [Server thread/INFO] [net.minecraft.server.MinecraftServer/]: Saving chunks for level 'ServerLevel[world]'/minecraft:overworld
[18Nov2025 02:51:09.314] [Server thread/INFO] [net.minecraft.server.MinecraftServer/]: Saving chunks for level 'ServerLevel[world]'/minecraft:the_nether
[18Nov2025 02:51:09.316] [Server thread/INFO] [net.minecraft.server.MinecraftServer/]: Saving chunks for level 'ServerLevel[world]'/undergarden:undergarden
[18Nov2025 02:51:09.317] [Server thread/INFO] [net.minecraft.server.MinecraftServer/]: Saving chunks for level 'ServerLevel[world]'/minecraft:the_end
[18Nov2025 02:51:09.369] [Server thread/INFO] [net.minecraft.server.MinecraftServer/]: ThreadedAnvilChunkStorage (world): All chunks are saved
[18Nov2025 02:51:09.369] [Server thread/INFO] [net.minecraft.server.MinecraftServer/]: ThreadedAnvilChunkStorage (DIM-1): All chunks are saved
[18Nov2025 02:51:09.369] [Server thread/INFO] [net.minecraft.server.MinecraftServer/]: ThreadedAnvilChunkStorage (undergarden): All chunks are saved
[18Nov2025 02:51:09.369] [Server thread/INFO] [net.minecraft.server.MinecraftServer/]: ThreadedAnvilChunkStorage (DIM1): All chunks are saved
[18Nov2025 02:51:09.370] [Server thread/INFO] [net.minecraft.server.MinecraftServer/]: ThreadedAnvilChunkStorage: All dimensions are saved
